Archive member included to satisfy reference by file (symbol)

C:/N64/bin/../lib/gcc/mips64-elf/13.1.0/../../../../mips64-elf/lib\libdragon.a(entrypoint.o)
                              (_start)
C:/N64/bin/../lib/gcc/mips64-elf/13.1.0/../../../../mips64-elf/lib\libdragon.a(debug.o)
                              C:/N64/bin/../lib/gcc/mips64-elf/13.1.0/../../../../mips64-elf/lib\libdragon.a(entrypoint.o) (debug_assert_func)
C:/N64/bin/../lib/gcc/mips64-elf/13.1.0/../../../../mips64-elf/lib\libdragon.a(usb.o)
                              C:/N64/bin/../lib/gcc/mips64-elf/13.1.0/../../../../mips64-elf/lib\libdragon.a(debug.o) (usb_write)
C:/N64/bin/../lib/gcc/mips64-elf/13.1.0/../../../../mips64-elf/lib\libdragon.a(cart.o)
                              C:/N64/bin/../lib/gcc/mips64-elf/13.1.0/../../../../mips64-elf/lib\libdragon.a(debug.o) (cart_init)
C:/N64/bin/../lib/gcc/mips64-elf/13.1.0/../../../../mips64-elf/lib\libdragon.a(ff.o)
                              C:/N64/bin/../lib/gcc/mips64-elf/13.1.0/../../../../mips64-elf/lib\libdragon.a(debug.o) (f_mount)
C:/N64/bin/../lib/gcc/mips64-elf/13.1.0/../../../../mips64-elf/lib\libdragon.a(ffunicode.o)
                              C:/N64/bin/../lib/gcc/mips64-elf/13.1.0/../../../../mips64-elf/lib\libdragon.a(ff.o) (ff_uni2oem)
C:/N64/bin/../lib/gcc/mips64-elf/13.1.0/../../../../mips64-elf/lib\libdragon.a(dragonfs.o)
                              build/videoplayer.o (dfs_init)
C:/N64/bin/../lib/gcc/mips64-elf/13.1.0/../../../../mips64-elf/lib\libdragon.a(audio.o)
                              build/videoplayer.o (audio_init)
C:/N64/bin/../lib/gcc/mips64-elf/13.1.0/../../../../mips64-elf/lib\libdragon.a(display.o)
                              build/videoplayer.o (display_init)
C:/N64/bin/../lib/gcc/mips64-elf/13.1.0/../../../../mips64-elf/lib\libdragon.a(surface.o)
                              C:/N64/bin/../lib/gcc/mips64-elf/13.1.0/../../../../mips64-elf/lib\libdragon.a(display.o) (surface_alloc)
C:/N64/bin/../lib/gcc/mips64-elf/13.1.0/../../../../mips64-elf/lib\libdragon.a(controller.o)
                              build/videoplayer.o (controller_init)
C:/N64/bin/../lib/gcc/mips64-elf/13.1.0/../../../../mips64-elf/lib\libdragon.a(rsp.o)
                              C:/N64/bin/../lib/gcc/mips64-elf/13.1.0/../../../../mips64-elf/lib\libdragon.a(display.o) (__rsp_crash)
C:/N64/bin/../lib/gcc/mips64-elf/13.1.0/../../../../mips64-elf/lib\libdragon.a(rsp_crash.o)
                              C:/N64/bin/../lib/gcc/mips64-elf/13.1.0/../../../../mips64-elf/lib\libdragon.a(rsp.o) (rsp_crash_data_start)
C:/N64/bin/../lib/gcc/mips64-elf/13.1.0/../../../../mips64-elf/lib\libdragon.a(inspector.o)
                              C:/N64/bin/../lib/gcc/mips64-elf/13.1.0/../../../../mips64-elf/lib\libdragon.a(debug.o) (__inspector_assertion)
C:/N64/bin/../lib/gcc/mips64-elf/13.1.0/../../../../mips64-elf/lib\libdragon.a(dma.o)
                              C:/N64/bin/../lib/gcc/mips64-elf/13.1.0/../../../../mips64-elf/lib\libdragon.a(debug.o) (io_accessible)
C:/N64/bin/../lib/gcc/mips64-elf/13.1.0/../../../../mips64-elf/lib\libdragon.a(exception.o)
                              C:/N64/bin/../lib/gcc/mips64-elf/13.1.0/../../../../mips64-elf/lib\libdragon.a(inspector.o) (__exception_dump_header)
C:/N64/bin/../lib/gcc/mips64-elf/13.1.0/../../../../mips64-elf/lib\libdragon.a(do_ctors.o)
                              C:/N64/bin/../lib/gcc/mips64-elf/13.1.0/../../../../mips64-elf/lib\libdragon.a(entrypoint.o) (__wrap___do_global_ctors)
C:/N64/bin/../lib/gcc/mips64-elf/13.1.0/../../../../mips64-elf/lib\libdragon.a(mpeg2.o)
                              build/videoplayer.o (mpeg2_open)
C:/N64/bin/../lib/gcc/mips64-elf/13.1.0/../../../../mips64-elf/lib\libdragon.a(yuv.o)
                              C:/N64/bin/../lib/gcc/mips64-elf/13.1.0/../../../../mips64-elf/lib\libdragon.a(mpeg2.o) (yuv_init)
C:/N64/bin/../lib/gcc/mips64-elf/13.1.0/../../../../mips64-elf/lib\libdragon.a(profile.o)
                              C:/N64/bin/../lib/gcc/mips64-elf/13.1.0/../../../../mips64-elf/lib\libdragon.a(mpeg2.o) (profile_init)
C:/N64/bin/../lib/gcc/mips64-elf/13.1.0/../../../../mips64-elf/lib\libdragon.a(throttle.o)
                              build/videoplayer.o (throttle_init)
C:/N64/bin/../lib/gcc/mips64-elf/13.1.0/../../../../mips64-elf/lib\libdragon.a(rsp_yuv.o)
                              C:/N64/bin/../lib/gcc/mips64-elf/13.1.0/../../../../mips64-elf/lib\libdragon.a(yuv.o) (rsp_yuv_text_end)
C:/N64/bin/../lib/gcc/mips64-elf/13.1.0/../../../../mips64-elf/lib\libdragon.a(rsp_mpeg1.o)
                              C:/N64/bin/../lib/gcc/mips64-elf/13.1.0/../../../../mips64-elf/lib\libdragon.a(mpeg2.o) (rsp_mpeg1_text_end)
C:/N64/bin/../lib/gcc/mips64-elf/13.1.0/../../../../mips64-elf/lib\libdragon.a(mixer.o)
                              build/videoplayer.o (mixer_ch_play)
C:/N64/bin/../lib/gcc/mips64-elf/13.1.0/../../../../mips64-elf/lib\libdragon.a(samplebuffer.o)
[...]
Memory Configuration

Name             Origin             Length             Attributes
mem              0x80000000         0x00400000
*default*        0x00000000         0xffffffff

Linker script and memory map

LOAD C:/N64/bin/../lib/gcc/mips64-elf/13.1.0/crti.o
LOAD C:/N64/bin/../lib/gcc/mips64-elf/13.1.0/crtbegin.o
LOAD build/videoplayer.o
LOAD C:/N64/bin/../lib/gcc/mips64-elf/13.1.0/../../../../mips64-elf/lib\libdragon.a
LOAD C:/N64/bin/../lib/gcc/mips64-elf/13.1.0/../../../../mips64-elf/lib\libm.a
LOAD C:/N64/bin/../lib/gcc/mips64-elf/13.1.0/../../../../mips64-elf/lib\libdragonsys.a
                0x80000000                        __kseg0_start = 0x80000000
                0x80000400                        __libdragon_text_start = (__kseg0_start + 0x400)

.text           0x80000400    0x289f0
 *(.boot)
 .boot          0x80000400      0x18c C:/N64/bin/../lib/gcc/mips64-elf/13.1.0/../../../../mips64-elf/lib\libdragon.a(entrypoint.o)
                0x80000400                _start
                0x80000590                        . = ALIGN (0x10)
 *fill*         0x8000058c        0x4 
                0x80000590                        __text_start = .
 *(.text)
 *fill*         0x80000590       0x10 
 .text          0x800005a0      0x360 C:/N64/bin/../lib/gcc/mips64-elf/13.1.0/../../../../mips64-elf/lib\libdragon.a(inthandler.o)
                0x800005a0                inthandler
                0x80000900                inthandler_end
 .text          0x80000900      0x1c0 C:/N64/bin/../lib/gcc/mips64-elf/13.1.0/../../../../mips64-elf/lib\libm.a(libm_a-s_floor.o)
                0x80000900                floor
 .text          0x80000ac0       0x50 C:/N64/bin/../lib/gcc/mips64-elf/13.1.0/../../../../mips64-elf/lib\libm.a(libm_a-wf_sincos.o)
                0x80000ac0                sincosf
 .text          0x80000b10      0x110 C:/N64/bin/../lib/gcc/mips64-elf/13.1.0/../../../../mips64-elf/lib\libm.a(libm_a-sf_ceil.o)
                0x80000b10                ceilf
 .text          0x80000c20       0xe8 C:/N64/bin/../lib/gcc/mips64-elf/13.1.0/../../../../mips64-elf/lib\libm.a(libm_a-sf_cos.o)
                0x80000c20                cosf
 .text          0x80000d08      0x110 C:/N64/bin/../lib/gcc/mips64-elf/13.1.0/../../../../mips64-elf/lib\libm.a(libm_a-sf_floor.o)
                0x80000d08                floorf
 .text          0x80000e18       0xe0 C:/N64/bin/../lib/gcc/mips64-elf/13.1.0/../../../../mips64-elf/lib\libm.a(libm_a-sf_sin.o)
                0x80000e18                sinf
 .text          0x80000ef8      0x190 C:/N64/bin/../lib/gcc/mips64-elf/13.1.0/../../../../mips64-elf/lib\libm.a(libm_a-kf_cos.o)
                0x80000ef8                __kernel_cosf
 .text          0x80001088       0xd0 C:/N64/bin/../lib/gcc/mips64-elf/13.1.0/../../../../mips64-elf/lib\libm.a(libm_a-kf_sin.o)
                0x80001088                __kernel_sinf
 .text          0x80001158      0x358 C:/N64/bin/../lib/gcc/mips64-elf/13.1.0/../../../../mips64-elf/lib\libm.a(libm_a-ef_rem_pio2.o)
                0x80001158                __ieee754_rem_pio2f
 .text          0x800014b0       0x20 C:/N64/bin/../lib/gcc/mips64-elf/13.1.0/../../../../mips64-elf/lib\libm.a(libm_a-sf_fabs.o)
                0x800014b0                fabsf
 .text          0x800014d0      0x998 C:/N64/bin/../lib/gcc/mips64-elf/13.1.0/../../../../mips64-elf/lib\libm.a(libm_a-kf_rem_pio2.o)
                0x800014d0                __kernel_rem_pio2f
 .text          0x80001e68      0x188 C:/N64/bin/../lib/gcc/mips64-elf/13.1.0/../../../../mips64-elf/lib\libm.a(libm_a-sf_scalbn.o)
                0x80001e68                scalbnf
 .text          0x80001ff0       0x18 C:/N64/bin/../lib/gcc/mips64-elf/13.1.0/../../../../mips64-elf/lib\libc.a(libc_a-abort.o)
                0x80001ff0                abort
 .text          0x80002008       0x18 C:/N64/bin/../lib/gcc/mips64-elf/13.1.0/../../../../mips64-elf/lib\libc.a(libc_a-calloc.o)
                0x80002008                calloc
 .text          0x80002020      0x120 C:/N64/bin/../lib/gcc/mips64-elf/13.1.0/../../../../mips64-elf/lib\libc.a(libc_a-callocr.o)
                0x80002020                _calloc_r
 .text          0x80002140       0x20 C:/N64/bin/../lib/gcc/mips64-elf/13.1.0/../../../../mips64-elf/lib\libc.a(libc_a-malloc.o)
                0x80002140                malloc
                0x80002150                free
 .text          0x80002160      0x888 C:/N64/bin/../lib/gcc/mips64-elf/13.1.0/../../../../mips64-elf/lib\libc.a(libc_a-mallocr.o)
                0x80002160                _malloc_r
 .text          0x800029e8       0x10 C:/N64/bin/../lib/gcc/mips64-elf/13.1.0/../../../../mips64-elf/lib\libc.a(libc_a-mlock.o)
                0x800029e8                __malloc_lock
                0x800029f0                __malloc_unlock
 .text          0x800029f8      0x5d0 C:/N64/bin/../lib/gcc/mips64-elf/13.1.0/../../../../mips64-elf/lib\libc.a(libc_a-reallocr.o)
                0x800029f8                _realloc_r
 .text          0x80002fc8       0x18 C:/N64/bin/../lib/gcc/mips64-elf/13.1.0/../../../../mips64-elf/lib\libc.a(libc_a-malign.o)
                0x80002fc8                memalign
 .text          0x80002fe0      0x1f8 C:/N64/bin/../lib/gcc/mips64-elf/13.1.0/../../../../mips64-elf/lib\libc.a(libc_a-malignr.o)
                0x80002fe0                _memalign_r
 .text          0x800031d8     0x21e8 C:/N64/bin/../lib/gcc/mips64-elf/13.1.0/../../../../mips64-elf/lib\libc.a(libc_a-vfprintf.o)
                0x800031d8                _vfprintf_r
                0x800052d8                vfprintf
 .text          0x800053c0     0x1390 C:/N64/bin/../lib/gcc/mips64-elf/13.1.0/../../../../mips64-elf/lib\libc.a(libc_a-vfiprintf.o)
                0x800054f8                __sprint_r
                0x80005518                _vfiprintf_r
                0x80006668                vfiprintf
 .text          0x80006750      0x140 C:/N64/bin/../lib/gcc/mips64-elf/13.1.0/../../../../mips64-elf/lib\libc.a(libc_a-fclose.o)
                0x80006750                _fclose_r
                0x80006880                fclose
 .text          0x80006890      0x338 C:/N64/bin/../lib/gcc/mips64-elf/13.1.0/../../../../mips64-elf/lib\libc.a(libc_a-fflush.o)
                0x80006890                __sflush_r
                0x80006ae8                _fflush_r
                0x80006b48                fflush
 .text          0x80006bc8      0x3a8 C:/N64/bin/../lib/gcc/mips64-elf/13.1.0/../../../../mips64-elf/lib\libc.a(libc_a-findfp.o)
                0x80006dc0                __sfp
                0x80006f00                __sinit
                0x80006f30                __sfp_lock_acquire
                0x80006f38                __sfp_lock_release
                0x80006f40                __fp_lock_all
                0x80006f58                __fp_unlock_all
 .text          0x80006f70      0x138 C:/N64/bin/../lib/gcc/mips64-elf/13.1.0/../../../../mips64-elf/lib\libc.a(libc_a-fopen.o)
                0x80006f70                _fopen_r
                0x80007090                fopen
 .text          0x800070a8       0x68 C:/N64/bin/../lib/gcc/mips64-elf/13.1.0/../../../../mips64-elf/lib\libc.a(libc_a-fprintf.o)
                0x800070a8                _fprintf_r
                0x800070d0                fprintf
 .text          0x80007110       0xd0 C:/N64/bin/../lib/gcc/mips64-elf/13.1.0/../../../../mips64-elf/lib\libc.a(libc_a-fputc.o)
                0x80007110                _fputc_r
                0x80007170                fputc
 .text          0x800071e0      0x330 C:/N64/bin/../lib/gcc/mips64-elf/13.1.0/../../../../mips64-elf/lib\libc.a(libc_a-fread.o)
                0x800071e0                _fread_r
                0x800074e0                fread
 .text          0x80007510       0x20 C:/N64/bin/../lib/gcc/mips64-elf/13.1.0/../../../../mips64-elf/lib\libc.a(libc_a-fseek.o)
                0x80007510                _fseek_r
                0x80007518                fseek
 .text          0x80007530       0x18 C:/N64/bin/../lib/gcc/mips64-elf/13.1.0/../../../../mips64-elf/lib\libc.a(libc_a-ftell.o)
                0x80007530                _ftell_r
                0x80007538                ftell
 .text          0x80007548      0x570 C:/N64/bin/../lib/gcc/mips64-elf/13.1.0/../../../../mips64-elf/lib\libc.a(libc_a-fvwrite.o)
                0x80007548                __sfvwrite_r
 .text          0x80007ab8       0xc0 C:/N64/bin/../lib/gcc/mips64-elf/13.1.0/../../../../mips64-elf/lib\libc.a(libc_a-fwalk.o)
                0x80007ab8                _fwalk_sglue
 .text          0x80007b78      0x1f8 C:/N64/bin/../lib/gcc/mips64-elf/13.1.0/../../../../mips64-elf/lib\libc.a(libc_a-fwrite.o)
                0x80007b78                _fwrite_r
                0x80007c80                fwrite
 .text          0x80007d70       0x70 C:/N64/bin/../lib/gcc/mips64-elf/13.1.0/../../../../mips64-elf/lib\libc.a(libc_a-printf.o)
                0x80007d70                _printf_r
                0x80007da0                printf
 .text          0x80007de0      0x160 C:/N64/bin/../lib/gcc/mips64-elf/13.1.0/../../../../mips64-elf/lib\libc.a(libc_a-putc.o)
                0x80007de0                _putc_r
                0x80007e88                putc
 .text          0x80007f40       0x20 C:/N64/bin/../lib/gcc/mips64-elf/13.1.0/../../../../mips64-elf/lib\libc.a(libc_a-putchar.o)
                0x80007f40                _putchar_r
                0x80007f48                putchar
 .text          0x80007f60       0xe0 C:/N64/bin/../lib/gcc/mips64-elf/13.1.0/../../../../mips64-elf/lib\libc.a(libc_a-puts.o)
                0x80007f60                _puts_r
                0x80008030                puts
 .text          0x80008040      0x228 C:/N64/bin/../lib/gcc/mips64-elf/13.1.0/../../../../mips64-elf/lib\libc.a(libc_a-refill.o)
                0x80008068                __srefill_r
 .text          0x80008268      0x270 C:/N64/bin/../lib/gcc/mips64-elf/13.1.0/../../../../mips64-elf/lib\libc.a(libc_a-setvbuf.o)
                0x80008268                setvbuf
 .text          0x800084d8      0x1c8 C:/N64/bin/../lib/gcc/mips64-elf/13.1.0/../../../../mips64-elf/lib\libc.a(libc_a-snprintf.o)
                0x800084d8                _snprintf_r
                0x800085b8                snprintf
 .text          0x800086a0       0xd8 C:/N64/bin/../lib/gcc/mips64-elf/13.1.0/../../../../mips64-elf/lib\libc.a(libc_a-sprintf.o)
                0x800086a0                _sprintf_r
                0x80008708                sprintf
 .text          0x80008778      0x190 C:/N64/bin/../lib/gcc/mips64-elf/13.1.0/../../../../mips64-elf/lib\libc.a(libc_a-stdio.o)
                0x80008778                __sread
                0x800087d0                __seofread
                0x800087d8                __swrite
                0x80008898                __sseek
                0x80008900                __sclose
 .text          0x80008908       0x30 C:/N64/bin/../lib/gcc/mips64-elf/13.1.0/../../../../mips64-elf/lib\libc.a(libc_a-vprintf.o)
                0x80008908                vprintf
                0x80008920                _vprintf_r
 .text          0x80008938      0x1b8 C:/N64/bin/../lib/gcc/mips64-elf/13.1.0/../../../../mips64-elf/lib\libc.a(libc_a-wbuf.o)
                0x80008938                __swbuf_r
                0x80008ad8                __swbuf
 .text          0x80008af0      0x170 C:/N64/bin/../lib/gcc/mips64-elf/13.1.0/../../../../mips64-elf/lib\libc.a(libc_a-wsetup.o)
                0x80008af0                __swsetup_r
 .text          0x80008c60      0x4b8 C:/N64/bin/../lib/gcc/mips64-elf/13.1.0/../../../../mips64-elf/lib\libc.a(libc_a-fseeko.o)
                0x80008c60                _fseeko_r
                0x80009100                fseeko
 .text          0x80009118      0x148 C:/N64/bin/../lib/gcc/mips64-elf/13.1.0/../../../../mips64-elf/lib\libc.a(libc_a-ftello.o)
                0x80009118                _ftello_r
                0x80009250                ftello
 .text          0x80009260      0x1b8 C:/N64/bin/../lib/gcc/mips64-elf/13.1.0/../../../../mips64-elf/lib\libc.a(libc_a-fputwc.o)
                0x80009260                __fputwc
                0x80009378                _fputwc_r
                0x800093a0                fputwc
 .text          0x80009418       0xf8 C:/N64/bin/../lib/gcc/mips64-elf/13.1.0/../../../../mips64-elf/lib\libc.a(libc_a-memchr.o)
                0x80009418                memchr
 .text          0x80009510       0x88 C:/N64/bin/../lib/gcc/mips64-elf/13.1.0/../../../../mips64-elf/lib\libc.a(libc_a-memcmp.o)
                0x80009510                memcmp
 .text          0x80009598      0x140 C:/N64/bin/../lib/gcc/mips64-elf/13.1.0/../../../../mips64-elf/lib\libc.a(libc_a-memmove.o)
                0x80009598                memmove
 .text          0x800096d8       0x98 C:/N64/bin/../lib/gcc/mips64-elf/13.1.0/../../../../mips64-elf/lib\libc.a(libc_a-strcat.o)
                0x800096d8                strcat
 .text          0x80009770       0xa8 C:/N64/bin/../lib/gcc/mips64-elf/13.1.0/../../../../mips64-elf/lib\libc.a(libc_a-strcpy.o)
                0x80009770                strcpy
 .text          0x80009818      0x460 C:/N64/bin/../lib/gcc/mips64-elf/13.1.0/../../../../mips64-elf/lib\libc.a(libc_a-strerror.o)
                0x80009818                _strerror_r
                0x80009c48                strerror
                0x80009c60                strerror_l
 .text          0x80009c78       0xf0 C:/N64/bin/../lib/gcc/mips64-elf/13.1.0/../../../../mips64-elf/lib\libc.a(libc_a-strncmp.o)
                0x80009c78                strncmp
 .text          0x80009d68       0x70 C:/N64/bin/../lib/gcc/mips64-elf/13.1.0/../../../../mips64-elf/lib\libc.a(libc_a-strrchr.o)
                0x80009d68                strrchr
 .text          0x80009dd8      0xb50 C:/N64/bin/../lib/gcc/mips64-elf/13.1.0/../../../../mips64-elf/lib\libc.a(libc_a-strstr.o)
                0x8000a638                strstr
 .text          0x8000a928        0x8 C:/N64/bin/../lib/gcc/mips64-elf/13.1.0/../../../../mips64-elf/lib\libc.a(libc_a-u_strerr.o)
                0x8000a928                _user_strerror
 .text          0x8000a930      0x570 C:/N64/bin/../lib/gcc/mips64-elf/13.1.0/../../../../mips64-elf/lib\libc.a(libc_a-signal.o)
                0x8000a930                _init_signal_r
                0x8000a998                _signal_r
                0x8000aa38                _raise_r
                0x8000aaf0                __sigtramp_r
                0x8000abe0                raise
                0x8000aca8                signal
                0x8000ad48                _init_signal
                0x8000adb8                __sigtramp
 .text          0x8000aea0      0x120 C:/N64/bin/../lib/gcc/mips64-elf/13.1.0/../../../../mips64-elf/lib\libc.a(libc_a-locale.o)
                0x8000aea0                _setlocale_r
                0x8000af28                __locale_mb_cur_max
                0x8000af38                setlocale
 .text          0x8000afc0       0x28 C:/N64/bin/../lib/gcc/mips64-elf/13.1.0/../../../../mips64-elf/lib\libc.a(libc_a-localeconv.o)
                0x8000afc0                __localeconv_l
                0x8000afc8                _localeconv_r
                0x8000afd8                localeconv
 .text          0x8000afe8       0x50 C:/N64/bin/../lib/gcc/mips64-elf/13.1.0/../../../../mips64-elf/lib\libc.a(libc_a-closer.o)
                0x8000afe8                _close_r
 .text          0x8000b038       0x58 C:/N64/bin/../lib/gcc/mips64-elf/13.1.0/../../../../mips64-elf/lib\libc.a(libc_a-fstatr.o)
                0x8000b038                _fstat_r
 .text          0x8000b090       0x60 C:/N64/bin/../lib/gcc/mips64-elf/13.1.0/../../../../mips64-elf/lib\libc.a(libc_a-lseekr.o)
                0x8000b090                _lseek_r
 .text          0x8000b0f0       0x60 C:/N64/bin/../lib/gcc/mips64-elf/13.1.0/../../../../mips64-elf/lib\libc.a(libc_a-openr.o)
                0x8000b0f0                _open_r
 .text          0x8000b150       0x60 C:/N64/bin/../lib/gcc/mips64-elf/13.1.0/../../../../mips64-elf/lib\libc.a(libc_a-readr.o)
                0x8000b150                _read_r
 .text          0x8000b1b0       0x60 C:/N64/bin/../lib/gcc/mips64-elf/13.1.0/../../../../mips64-elf/lib\libc.a(libc_a-signalr.o)
                0x8000b1b0                _kill_r
                0x8000b208                _getpid_r
 .text          0x8000b210       0x50 C:/N64/bin/../lib/gcc/mips64-elf/13.1.0/../../../../mips64-elf/lib\libc.a(libc_a-sbrkr.o)
                0x8000b210                _sbrk_r
 .text          0x8000b260       0x60 C:/N64/bin/../lib/gcc/mips64-elf/13.1.0/../../../../mips64-elf/lib\libc.a(libc_a-writer.o)
                0x8000b260                _write_r
 .text          0x8000b2c0        0x8 C:/N64/bin/../lib/gcc/mips64-elf/13.1.0/../../../../mips64-elf/lib\libc.a(libc_a-errno.o)
                0x8000b2c0                __errno
 .text          0x8000b2c8       0x18 C:/N64/bin/../lib/gcc/mips64-elf/13.1.0/../../../../mips64-elf/lib\libc.a(libc_a-strlen.o)
                0x8000b2c8                strlen
 .text          0x8000b2e0      0x240 C:/N64/bin/../lib/gcc/mips64-elf/13.1.0/../../../../mips64-elf/lib\libc.a(libc_a-strcmp.o)
                0x8000b2e0                strcmp
 .text          0x8000b520      0x11c C:/N64/bin/../lib/gcc/mips64-elf/13.1.0/../../../../mips64-elf/lib\libc.a(libc_a-memset.o)
                0x8000b520                memset
 .text          0x8000b63c      0x370 C:/N64/bin/../lib/gcc/mips64-elf/13.1.0/../../../../mips64-elf/lib\libc.a(libc_a-memcpy.o)
                0x8000b63c                memcpy
 *fill*         0x8000b9ac        0x4 
 .text          0x8000b9b0     0x1658 C:/N64/bin/../lib/gcc/mips64-elf/13.1.0/../../../../mips64-elf/lib\libc.a(libc_a-dtoa.o)
                0x8000bc00                _dtoa_r
 .text          0x8000d008      0x480 C:/N64/bin/../lib/gcc/mips64-elf/13.1.0/../../../../mips64-elf/lib\libc.a(libc_a-freer.o)
                0x8000d008                _malloc_trim_r
                0x8000d148                _free_r
 .text          0x8000d488       0x70 C:/N64/bin/../lib/gcc/mips64-elf/13.1.0/../../../../mips64-elf/lib\libc.a(libc_a-mbtowc_r.o)
                0x8000d488                _mbtowc_r
                0x8000d498                __ascii_mbtowc
 .text          0x8000d4f8     0x1438 C:/N64/bin/../lib/gcc/mips64-elf/13.1.0/../../../../mips64-elf/lib\libc.a(libc_a-mprec.o)
                0x8000d4f8                _Balloc
                0x8000d5a8                _Bfree
                0x8000d5d8                __multadd
                0x8000d738                __s2b
                0x8000d8b8                __hi0bits
                0x8000d940                __lo0bits
                0x8000da08                __i2b
                0x8000dae0                __multiply
                0x8000dd70                __pow5mult
                0x8000ded8                __lshift
                0x8000e090                __mcmp
                0x8000e0f8                __mdiff
                0x8000e380                __ulp
                0x8000e430                __b2d
                0x8000e5c8                __d2b
                0x8000e728                __ratio
                0x8000e7e8                _mprec_log10
                0x8000e828                __copybits
                0x8000e8b0                __any_on
 .text          0x8000e930       0x48 C:/N64/bin/../lib/gcc/mips64-elf/13.1.0/../../../../mips64-elf/lib\libc.a(libc_a-wctomb_r.o)
                0x8000e930                _wctomb_r
                0x8000e940                __ascii_wctomb
 .text          0x8000e978      0x118 C:/N64/bin/../lib/gcc/mips64-elf/13.1.0/../../../../mips64-elf/lib\libc.a(libc_a-wcrtomb.o)
                0x8000e978                _wcrtomb_r
                0x8000e9f8                wcrtomb
 .text          0x8000ea90     0x1fb0 C:/N64/bin/../lib/gcc/mips64-elf/13.1.0/../../../../mips64-elf/lib\libc.a(libc_a-svfprintf.o)
                0x8000ea90                _svfprintf_r
 .text          0x80010a40       0xc8 C:/N64/bin/../lib/gcc/mips64-elf/13.1.0/../../../../mips64-elf/lib\libc.a(libc_a-flags.o)
                0x80010a40                __sflags
 .text          0x80010b08      0x258 C:/N64/bin/../lib/gcc/mips64-elf/13.1.0/../../../../mips64-elf/lib\libc.a(libc_a-makebuf.o)
                0x80010b08                __smakebuf_r
                0x80010cb0                __swhatbuf_r
 .text          0x80010d60      0x188 C:/N64/bin/../lib/gcc/mips64-elf/13.1.0/../../../../mips64-elf/lib\libc.a(libc_a-strchr.o)
                0x80010d60                strchr
 .text          0x80010ee8       0x48 C:/N64/bin/../lib/gcc/mips64-elf/13.1.0/../../../../mips64-elf/lib\libc.a(libc_a-strnlen.o)
                0x80010ee8                strnlen
 .text          0x80010f30       0x50 C:/N64/bin/../lib/gcc/mips64-elf/13.1.0/../../../../mips64-elf/lib\libc.a(libc_a-isattyr.o)
                0x80010f30                _isatty_r
 .text          0x80010f80     0x1118 C:/N64/bin/../lib/gcc/mips64-elf/13.1.0/../../../../mips64-elf/lib\libc.a(libc_a-svfiprintf.o)
                0x80010f80                __ssprint_r
                0x800111c8                _svfiprintf_r
 *(.text.*)
 *fill*         0x80012098        0x8 
 .text.audio_poll.part.0
                0x800120a0       0x80 build/videoplayer.o
 .text.startup.main
                0x80012120      0x1e0 build/videoplayer.o
                0x80012120                main
 .text.cb.0     0x80012300       0xa0 C:/N64/bin/../lib/gcc/mips64-elf/13.1.0/../../../../mips64-elf/lib\libdragon.a(debug.o)
 .text.debug_assert_func_f
                0x800123a0       0xe0 C:/N64/bin/../lib/gcc/mips64-elf/13.1.0/../../../../mips64-elf/lib\libdragon.a(debug.o)
                0x800123a0                debug_assert_func_f
 .text.debug_assert_func
                0x80012480       0x20 C:/N64/bin/../lib/gcc/mips64-elf/13.1.0/../../../../mips64-elf/lib\libdragon.a(debug.o)
                0x80012480                debug_assert_func
 .text.debug_hexdump
                0x800124a0      0x280 C:/N64/bin/../lib/gcc/mips64-elf/13.1.0/../../../../mips64-elf/lib\libdragon.a(debug.o)
                0x800124a0                debug_hexdump
 .text.__debug_backtrace
                0x80012720      0x100 C:/N64/bin/../lib/gcc/mips64-elf/13.1.0/../../../../mips64-elf/lib\libdragon.a(debug.o)
                0x80012720                __debug_backtrace
 .text.debug_backtrace
                0x80012820       0x20 C:/N64/bin/../lib/gcc/mips64-elf/13.1.0/../../../../mips64-elf/lib\libdragon.a(debug.o)
                0x80012820                debug_backtrace
 .text.get_next_token
                0x80012840       0xc0 C:/N64/bin/../lib/gcc/mips64-elf/13.1.0/../../../../mips64-elf/lib\libdragon.a(dragonfs.o)
 .text.recurse_path
                0x80012900      0x3c0 C:/N64/bin/../lib/gcc/mips64-elf/13.1.0/../../../../mips64-elf/lib\libdragon.a(dragonfs.o)
 .text.__close  0x80012cc0       0x80 C:/N64/bin/../lib/gcc/mips64-elf/13.1.0/../../../../mips64-elf/lib\libdragon.a(dragonfs.o)
 .text.__fstat  0x80012d40       0xa0 C:/N64/bin/../lib/gcc/mips64-elf/13.1.0/../../../../mips64-elf/lib\libdragon.a(dragonfs.o)
 .text.dfs_dir_findfirst
                0x80012de0       0xc0 C:/N64/bin/../lib/gcc/mips64-elf/13.1.0/../../../../mips64-elf/lib\libdragon.a(dragonfs.o)
                0x80012de0                dfs_dir_findfirst
 .text.__findfirst
                0x80012ea0       0x80 C:/N64/bin/../lib/gcc/mips64-elf/13.1.0/../../../../mips64-elf/lib\libdragon.a(dragonfs.o)
 .text.dfs_dir_findnext
                0x80012f20       0xc0 C:/N64/bin/../lib/gcc/mips64-elf/13.1.0/../../../../mips64-elf/lib\libdragon.a(dragonfs.o)
                0x80012f20                dfs_dir_findnext
 .text.__findnext
                0x80012fe0       0x80 C:/N64/bin/../lib/gcc/mips64-elf/13.1.0/../../../../mips64-elf/lib\libdragon.a(dragonfs.o)
 .text.dfs_open
                0x80013060      0x120 C:/N64/bin/../lib/gcc/mips64-elf/13.1.0/../../../../mips64-elf/lib\libdragon.a(dragonfs.o)
                0x80013060                dfs_open
 .text.__open   0x80013180      0x120 C:/N64/bin/../lib/gcc/mips64-elf/13.1.0/../../../../mips64-elf/lib\libdragon.a(dragonfs.o)
 .text.dfs_close
                0x800132a0       0x80 C:/N64/bin/../lib/gcc/mips64-elf/13.1.0/../../../../mips64-elf/lib\libdragon.a(dragonfs.o)
                0x800132a0                dfs_close
 .text.dfs_seek
                0x80013320      0x100 C:/N64/bin/../lib/gcc/mips64-elf/13.1.0/../../../../mips64-elf/lib\libdragon.a(dragonfs.o)
                0x80013320                dfs_seek
 .text.__lseek  0x80013420       0x80 C:/N64/bin/../lib/gcc/mips64-elf/13.1.0/../../../../mips64-elf/lib\libdragon.a(dragonfs.o)
 .text.dfs_read
                0x800134a0      0x280 C:/N64/bin/../lib/gcc/mips64-elf/13.1.0/../../../../mips64-elf/lib\libdragon.a(dragonfs.o)
                0x800134a0                dfs_read
 .text.__read   0x80013720       0x20 C:/N64/bin/../lib/gcc/mips64-elf/13.1.0/../../../../mips64-elf/lib\libdragon.a(dragonfs.o)
 .text.dfs_rom_addr
                0x80013740       0xa0 C:/N64/bin/../lib/gcc/mips64-elf/13.1.0/../../../../mips64-elf/lib\libdragon.a(dragonfs.o)
                0x80013740                dfs_rom_addr
 .text.dfs_init
                0x800137e0      0x1e0 C:/N64/bin/../lib/gcc/mips64-elf/13.1.0/../../../../mips64-elf/lib\libdragon.a(dragonfs.o)
                0x800137e0                dfs_init
 .text.audio_callback.part.0
                0x800139c0      0x1e0 C:/N64/bin/../lib/gcc/mips64-elf/13.1.0/../../../../mips64-elf/lib\libdragon.a(audio.o)
 .text.audio_callback
                0x80013ba0       0x60 C:/N64/bin/../lib/gcc/mips64-elf/13.1.0/../../../../mips64-elf/lib\libdragon.a(audio.o)
 .text.audio_init
                0x80013c00      0x200 C:/N64/bin/../lib/gcc/mips64-elf/13.1.0/../../../../mips64-elf/lib\libdragon.a(audio.o)
                0x80013c00                audio_init
 .text.audio_write_begin
                0x80013e00      0x100 C:/N64/bin/../lib/gcc/mips64-elf/13.1.0/../../../../mips64-elf/lib\libdragon.a(audio.o)
                0x80013e00                audio_write_begin
 .text.audio_write_end
                0x80013f00       0x80 C:/N64/bin/../lib/gcc/mips64-elf/13.1.0/../../../../mips64-elf/lib\libdragon.a(audio.o)
                0x80013f00                audio_write_end
 .text.audio_can_write
                0x80013f80       0x40 C:/N64/bin/../lib/gcc/mips64-elf/13.1.0/../../../../mips64-elf/lib\libdragon.a(audio.o)
                0x80013f80                audio_can_write
 .text.audio_get_frequency
                0x80013fc0       0x20 C:/N64/bin/../lib/gcc/mips64-elf/13.1.0/../../../../mips64-elf/lib\libdragon.a(audio.o)
                0x80013fc0                audio_get_frequency
 .text.audio_get_buffer_length
                0x80013fe0       0x20 C:/N64/bin/../lib/gcc/mips64-elf/13.1.0/../../../../mips64-elf/lib\libdragon.a(audio.o)
                0x80013fe0                audio_get_buffer_length
 .text.__display_callback
                0x80014000       0xc0 C:/N64/bin/../lib/gcc/mips64-elf/13.1.0/../../../../mips64-elf/lib\libdragon.a(display.o)
 .text.display_show.part.0
                0x800140c0      0x140 C:/N64/bin/../lib/gcc/mips64-elf/13.1.0/../../../../mips64-elf/lib\libdragon.a(display.o)
 .text.display_init
                0x80014200      0x600 C:/N64/bin/../lib/gcc/mips64-elf/13.1.0/../../../../mips64-elf/lib\libdragon.a(display.o)
                0x80014200                display_init
 .text.display_close
                0x80014800      0x100 C:/N64/bin/../lib/gcc/mips64-elf/13.1.0/../../../../mips64-elf/lib\libdragon.a(display.o)
                0x80014800                display_close
 .text.display_try_get
                0x80014900       0xc0 C:/N64/bin/../lib/gcc/mips64-elf/13.1.0/../../../../mips64-elf/lib\libdragon.a(display.o)
                0x80014900                display_try_get
 .text.display_get
                0x800149c0      0x100 C:/N64/bin/../lib/gcc/mips64-elf/13.1.0/../../../../mips64-elf/lib\libdragon.a(display.o)
                0x800149c0                display_get
 .text.display_show
                0x80014ac0       0x20 C:/N64/bin/../lib/gcc/mips64-elf/13.1.0/../../../../mips64-elf/lib\libdragon.a(display.o)
                0x80014ac0                display_show
 .text.display_show_force
                0x80014ae0       0x40 C:/N64/bin/../lib/gcc/mips64-elf/13.1.0/../../../../mips64-elf/lib\libdragon.a(display.o)
                0x80014ae0                display_show_force
 .text.display_get_width
                0x80014b20       0x20 C:/N64/bin/../lib/gcc/mips64-elf/13.1.0/../../../../mips64-elf/lib\libdragon.a(display.o)
                0x80014b20                display_get_width
 .text.display_get_height
                0x80014b40       0x20 C:/N64/bin/../lib/gcc/mips64-elf/13.1.0/../../../../mips64-elf/lib\libdragon.a(display.o)
                0x80014b40                display_get_height
 .text.display_get_bitdepth
                0x80014b60       0x20 C:/N64/bin/../lib/gcc/mips64-elf/13.1.0/../../../../mips64-elf/lib\libdragon.a(display.o)
                0x80014b60                display_get_bitdepth
 .text.tex_format_name
                0x80014b80       0x40 C:/N64/bin/../lib/gcc/mips64-elf/13.1.0/../../../../mips64-elf/lib\libdragon.a(surface.o)
                0x80014b80                tex_format_name
 .text.surface_alloc
                0x80014bc0       0xe0 C:/N64/bin/../lib/gcc/mips64-elf/13.1.0/../../../../mips64-elf/lib\libdragon.a(surface.o)
                0x80014bc0                surface_alloc
 .text.surface_free
                0x80014ca0       0x80 C:/N64/bin/../lib/gcc/mips64-elf/13.1.0/../../../../mips64-elf/lib\libdragon.a(surface.o)
                0x80014ca0                surface_free
 .text.controller_interrupt_update
                0x80014d20       0x80 C:/N64/bin/../lib/gcc/mips64-elf/13.1.0/../../../../mips64-elf/lib\libdragon.a(controller.o)
 .text.controller_interrupt
                0x80014da0       0x40 C:/N64/bin/../lib/gcc/mips64-elf/13.1.0/../../../../mips64-elf/lib\libdragon.a(controller.o)
 .text.controller_init
                0x80014de0       0xa0 C:/N64/bin/../lib/gcc/mips64-elf/13.1.0/../../../../mips64-elf/lib\libdragon.a(controller.o)
                0x80014de0                controller_init
 .text.controller_read
                0x80014e80       0x20 C:/N64/bin/../lib/gcc/mips64-elf/13.1.0/../../../../mips64-elf/lib\libdragon.a(controller.o)
                0x80014e80                controller_read
 .text.rsp_load_code
                0x80014ea0      0x100 C:/N64/bin/../lib/gcc/mips64-elf/13.1.0/../../../../mips64-elf/lib\libdragon.a(rsp.o)
                0x80014ea0                rsp_load_code
 .text.rsp_load_data
                0x80014fa0       0xe0 C:/N64/bin/../lib/gcc/mips64-elf/13.1.0/../../../../mips64-elf/lib\libdragon.a(rsp.o)
                0x80014fa0                rsp_load_data
 .text.rsp_load
                0x80015080       0x60 C:/N64/bin/../lib/gcc/mips64-elf/13.1.0/../../../../mips64-elf/lib\libdragon.a(rsp.o)
                0x80015080                rsp_load
 .text.rsp_read_code
                0x800150e0       0xe0 C:/N64/bin/../lib/gcc/mips64-elf/13.1.0/../../../../mips64-elf/lib\libdragon.a(rsp.o)
                0x800150e0                rsp_read_code
 .text.rsp_read_data
                0x800151c0       0xe0 C:/N64/bin/../lib/gcc/mips64-elf/13.1.0/../../../../mips64-elf/lib\libdragon.a(rsp.o)
                0x800151c0                rsp_read_data
 .text.__rsp_run_async
                0x800152a0       0x40 C:/N64/bin/../lib/gcc/mips64-elf/13.1.0/../../../../mips64-elf/lib\libdragon.a(rsp.o)
                0x800152a0                __rsp_run_async
 .text.__rsp_crash
                0x800152e0      0xbe0 C:/N64/bin/../lib/gcc/mips64-elf/13.1.0/../../../../mips64-elf/lib\libdragon.a(rsp.o)
                0x800152e0                __rsp_crash
 .text.__rsp_check_assert
                0x80015ec0       0x80 C:/N64/bin/../lib/gcc/mips64-elf/13.1.0/../../../../mips64-elf/lib\libdragon.a(rsp.o)
                0x80015ec0                __rsp_check_assert
 .text.rsp_wait
                0x80015f40      0x100 C:/N64/bin/../lib/gcc/mips64-elf/13.1.0/../../../../mips64-elf/lib\libdragon.a(rsp.o)
                0x80015f40                rsp_wait
 .text.rsp_run  0x80016040       0x60 C:/N64/bin/../lib/gcc/mips64-elf/13.1.0/../../../../mips64-elf/lib\libdragon.a(rsp.o)
                0x80016040                rsp_run
 .text.cb.2     0x800160a0       0x60 C:/N64/bin/../lib/gcc/mips64-elf/13.1.0/../../../../mips64-elf/lib\libdragon.a(inspector.o)
 .text.cb.1     0x80016100       0x60 C:/N64/bin/../lib/gcc/mips64-elf/13.1.0/../../../../mips64-elf/lib\libdragon.a(inspector.o)
 .text.cb.0     0x80016160      0x120 C:/N64/bin/../lib/gcc/mips64-elf/13.1.0/../../../../mips64-elf/lib\libdragon.a(inspector.o)
 .text.cb.3     0x80016280      0x120 C:/N64/bin/../lib/gcc/mips64-elf/13.1.0/../../../../mips64-elf/lib\libdragon.a(inspector.o)
 .text.inspector_stdout
                0x800163a0      0x240 C:/N64/bin/../lib/gcc/mips64-elf/13.1.0/../../../../mips64-elf/lib\libdragon.a(inspector.o)
 .text.title    0x800165e0       0xa0 C:/N64/bin/../lib/gcc/mips64-elf/13.1.0/../../../../mips64-elf/lib\libdragon.a(inspector.o)
 .text.mips_disasm
                0x80016680      0x640 C:/N64/bin/../lib/gcc/mips64-elf/13.1.0/../../../../mips64-elf/lib\libdragon.a(inspector.o)
 .text.inspector
                0x80016cc0      0xc40 C:/N64/bin/../lib/gcc/mips64-elf/13.1.0/../../../../mips64-elf/lib\libdragon.a(inspector.o)
 .text.handler.4
                0x80017900       0x40 C:/N64/bin/../lib/gcc/mips64-elf/13.1.0/../../../../mips64-elf/lib\libdragon.a(inspector.o)
 .text.__inspector_exception
                0x80017940       0x20 C:/N64/bin/../lib/gcc/mips64-elf/13.1.0/../../../../mips64-elf/lib\libdragon.a(inspector.o)
                0x80017940                __inspector_exception
 .text.__inspector_assertion
                0x80017960       0x20 C:/N64/bin/../lib/gcc/mips64-elf/13.1.0/../../../../mips64-elf/lib\libdragon.a(inspector.o)
                0x80017960                __inspector_assertion
 .text.startup.__inspector_init
                0x80017980       0x20 C:/N64/bin/../lib/gcc/mips64-elf/13.1.0/../../../../mips64-elf/lib\libdragon.a(inspector.o)
                0x80017980                __inspector_init
 .text.dma_read_raw_async
                0x800179a0       0xa0 C:/N64/bin/../lib/gcc/mips64-elf/13.1.0/../../../../mips64-elf/lib\libdragon.a(dma.o)
                0x800179a0                dma_read_raw_async
 .text.dma_read_async
                0x80017a40      0x3a0 C:/N64/bin/../lib/gcc/mips64-elf/13.1.0/../../../../mips64-elf/lib\libdragon.a(dma.o)
                0x80017a40                dma_read_async
 .text.dma_read
                0x80017de0       0x40 C:/N64/bin/../lib/gcc/mips64-elf/13.1.0/../../../../mips64-elf/lib\libdragon.a(dma.o)
                0x80017de0                dma_read
 .text.io_read  0x80017e20       0x60 C:/N64/bin/../lib/gcc/mips64-elf/13.1.0/../../../../mips64-elf/lib\libdragon.a(dma.o)
                0x80017e20                io_read
 .text.cb.0     0x80017e80       0x40 C:/N64/bin/../lib/gcc/mips64-elf/13.1.0/../../../../mips64-elf/lib\libdragon.a(exception.o)
 .text.cb.1     0x80017ec0       0x80 C:/N64/bin/../lib/gcc/mips64-elf/13.1.0/../../../../mips64-elf/lib\libdragon.a(exception.o)
 .text.__get_exception_name.isra.0
                0x80017f40      0x1a0 C:/N64/bin/../lib/gcc/mips64-elf/13.1.0/../../../../mips64-elf/lib\libdragon.a(exception.o)
 .text.__exception_dump_header
                0x800180e0      0x260 C:/N64/bin/../lib/gcc/mips64-elf/13.1.0/../../../../mips64-elf/lib\libdragon.a(exception.o)
                0x800180e0                __exception_dump_header
 .text.__exception_dump_gpr
                0x80018340      0x160 C:/N64/bin/../lib/gcc/mips64-elf/13.1.0/../../../../mips64-elf/lib\libdragon.a(exception.o)
                0x80018340                __exception_dump_gpr
 .text.__exception_dump_fpr
                0x800184a0      0x2a0 C:/N64/bin/../lib/gcc/mips64-elf/13.1.0/../../../../mips64-elf/lib\libdragon.a(exception.o)
                0x800184a0                __exception_dump_fpr
 .text.exception_default_handler
                0x80018740      0x1a0 C:/N64/bin/../lib/gcc/mips64-elf/13.1.0/../../../../mips64-elf/lib\libdragon.a(exception.o)
                0x80018740                exception_default_handler
 .text.__onCriticalException
                0x800188e0       0x60 C:/N64/bin/../lib/gcc/mips64-elf/13.1.0/../../../../mips64-elf/lib\libdragon.a(exception.o)
                0x800188e0                __onCriticalException
 .text.register_syscall_handler
                0x80018940      0x1a0 C:/N64/bin/../lib/gcc/mips64-elf/13.1.0/../../../../mips64-elf/lib\libdragon.a(exception.o)
                0x80018940                register_syscall_handler
 .text.__onSyscallException
                0x80018ae0      0x140 C:/N64/bin/../lib/gcc/mips64-elf/13.1.0/../../../../mips64-elf/lib\libdragon.a(exception.o)
                0x80018ae0                __onSyscallException
 .text.__register_frame_info
                0x80018c20       0x20 C:/N64/bin/../lib/gcc/mips64-elf/13.1.0/../../../../mips64-elf/lib\libdragon.a(do_ctors.o)
                0x80018c20                __register_frame_info
 .text.__wrap___do_global_ctors
                0x80018c40       0xe0 C:/N64/bin/../lib/gcc/mips64-elf/13.1.0/../../../../mips64-elf/lib\libdragon.a(do_ctors.o)
                0x80018c40                __wrap___do_global_ctors
 .text.plm_buffer_read.part.0
                0x80018d20       0x80 C:/N64/bin/../lib/gcc/mips64-elf/13.1.0/../../../../mips64-elf/lib\libdragon.a(mpeg2.o)
 .text.rsp_mpeg1_block_begin
                0x80018da0      0x100 C:/N64/bin/../lib/gcc/mips64-elf/13.1.0/../../../../mips64-elf/lib\libdragon.a(mpeg2.o)
                0x80018da0                rsp_mpeg1_block_begin
 .text.rsp_mpeg1_set_quant_matrix
                0x80018ea0      0x120 C:/N64/bin/../lib/gcc/mips64-elf/13.1.0/../../../../mips64-elf/lib\libdragon.a(mpeg2.o)
                0x80018ea0                rsp_mpeg1_set_quant_matrix
 .text.plm_buffer_create_with_file
                0x80018fc0       0xc0 C:/N64/bin/../lib/gcc/mips64-elf/13.1.0/../../../../mips64-elf/lib\libdragon.a(mpeg2.o)
                0x80018fc0                plm_buffer_create_with_file
 .text.plm_buffer_discard_read_bytes
                0x80019080       0xc0 C:/N64/bin/../lib/gcc/mips64-elf/13.1.0/../../../../mips64-elf/lib\libdragon.a(mpeg2.o)
                0x80019080                plm_buffer_discard_read_bytes
 .text.plm_buffer_load_file_callback
                0x80019140       0x80 C:/N64/bin/../lib/gcc/mips64-elf/13.1.0/../../../../mips64-elf/lib\libdragon.a(mpeg2.o)
                0x80019140                plm_buffer_load_file_callback
 .text.plm_buffer_has
                0x800191c0       0xc0 C:/N64/bin/../lib/gcc/mips64-elf/13.1.0/../../../../mips64-elf/lib\libdragon.a(mpeg2.o)
                0x800191c0                plm_buffer_has
 .text.plm_buffer_read
                0x80019280       0xc0 C:/N64/bin/../lib/gcc/mips64-elf/13.1.0/../../../../mips64-elf/lib\libdragon.a(mpeg2.o)
                0x80019280                plm_buffer_read
 .text.plm_buffer_skip
                0x80019340       0xc0 C:/N64/bin/../lib/gcc/mips64-elf/13.1.0/../../../../mips64-elf/lib\libdragon.a(mpeg2.o)
                0x80019340                plm_buffer_skip
 .text.plm_buffer_next_start_code
                0x80019400      0x120 C:/N64/bin/../lib/gcc/mips64-elf/13.1.0/../../../../mips64-elf/lib\libdragon.a(mpeg2.o)
                0x80019400                plm_buffer_next_start_code
 .text.plm_buffer_no_start_code
                0x80019520       0xe0 C:/N64/bin/../lib/gcc/mips64-elf/13.1.0/../../../../mips64-elf/lib\libdragon.a(mpeg2.o)
                0x80019520                plm_buffer_no_start_code
 .text.plm_buffer_read_vlc
                0x80019600       0xa0 C:/N64/bin/../lib/gcc/mips64-elf/13.1.0/../../../../mips64-elf/lib\libdragon.a(mpeg2.o)
                0x80019600                plm_buffer_read_vlc
 .text.plm_video_decode_sequence_header
                0x800196a0      0x420 C:/N64/bin/../lib/gcc/mips64-elf/13.1.0/../../../../mips64-elf/lib\libdragon.a(mpeg2.o)
                0x800196a0                plm_video_decode_sequence_header
 .text.plm_video_create_with_buffer
                0x80019ac0       0xc0 C:/N64/bin/../lib/gcc/mips64-elf/13.1.0/../../../../mips64-elf/lib\libdragon.a(mpeg2.o)
                0x80019ac0                plm_video_create_with_buffer
 .text.plm_video_has_header
                0x80019b80      0x100 C:/N64/bin/../lib/gcc/mips64-elf/13.1.0/../../../../mips64-elf/lib\libdragon.a(mpeg2.o)
                0x80019b80                plm_video_has_header
 .text.plm_video_decode_motion_vector
                0x80019c80      0x120 C:/N64/bin/../lib/gcc/mips64-elf/13.1.0/../../../../mips64-elf/lib\libdragon.a(mpeg2.o)
                0x80019c80                plm_video_decode_motion_vector
 .text.plm_video_decode_motion_vectors
                0x80019da0      0x140 C:/N64/bin/../lib/gcc/mips64-elf/13.1.0/../../../../mips64-elf/lib\libdragon.a(mpeg2.o)
                0x80019da0                plm_video_decode_motion_vectors
 .text.plm_video_copy_macroblock_rsp
                0x80019ee0      0x280 C:/N64/bin/../lib/gcc/mips64-elf/13.1.0/../../../../mips64-elf/lib\libdragon.a(mpeg2.o)
                0x80019ee0                plm_video_copy_macroblock_rsp
 .text.plm_video_interpolate_macroblock_rsp
                0x8001a160      0x480 C:/N64/bin/../lib/gcc/mips64-elf/13.1.0/../../../../mips64-elf/lib\libdragon.a(mpeg2.o)
                0x8001a160                plm_video_interpolate_macroblock_rsp
 .text.plm_video_predict_macroblock
                0x8001a5e0      0x140 C:/N64/bin/../lib/gcc/mips64-elf/13.1.0/../../../../mips64-elf/lib\libdragon.a(mpeg2.o)
                0x8001a5e0                plm_video_predict_macroblock
 .text.plm_video_decode_dct_coeff
                0x8001a720       0xc0 C:/N64/bin/../lib/gcc/mips64-elf/13.1.0/../../../../mips64-elf/lib\libdragon.a(mpeg2.o)
                0x8001a720                plm_video_decode_dct_coeff
 .text.plm_video_decode_block
                0x8001a7e0      0x5e0 C:/N64/bin/../lib/gcc/mips64-elf/13.1.0/../../../../mips64-elf/lib\libdragon.a(mpeg2.o)
                0x8001a7e0                plm_video_decode_block
 .text.plm_video_decode_macroblock
                0x8001adc0      0x560 C:/N64/bin/../lib/gcc/mips64-elf/13.1.0/../../../../mips64-elf/lib\libdragon.a(mpeg2.o)
                0x8001adc0                plm_video_decode_macroblock
 .text.plm_video_decode_slice
                0x8001b320      0x160 C:/N64/bin/../lib/gcc/mips64-elf/13.1.0/../../../../mips64-elf/lib\libdragon.a(mpeg2.o)
                0x8001b320                plm_video_decode_slice
 .text.plm_video_decode_picture
                0x8001b480      0x320 C:/N64/bin/../lib/gcc/mips64-elf/13.1.0/../../../../mips64-elf/lib\libdragon.a(mpeg2.o)
                0x8001b480                plm_video_decode_picture
 .text.plm_video_decode
                0x8001b7a0      0x220 C:/N64/bin/../lib/gcc/mips64-elf/13.1.0/../../../../mips64-elf/lib\libdragon.a(mpeg2.o)
                0x8001b7a0                plm_video_decode
 .text.mpeg2_open
                0x8001b9c0      0x1e0 C:/N64/bin/../lib/gcc/mips64-elf/13.1.0/../../../../mips64-elf/lib\libdragon.a(mpeg2.o)
                0x8001b9c0                mpeg2_open
 .text.mpeg2_next_frame
                0x8001bba0       0x60 C:/N64/bin/../lib/gcc/mips64-elf/13.1.0/../../../../mips64-elf/lib\libdragon.a(mpeg2.o)
                0x8001bba0                mpeg2_next_frame
 .text.mpeg2_draw_frame
                0x8001bc00      0x100 C:/N64/bin/../lib/gcc/mips64-elf/13.1.0/../../../../mips64-elf/lib\libdragon.a(mpeg2.o)
                0x8001bc00                mpeg2_draw_frame
 .text.mpeg2_get_framerate
                0x8001bd00       0x40 C:/N64/bin/../lib/gcc/mips64-elf/13.1.0/../../../../mips64-elf/lib\libdragon.a(mpeg2.o)
                0x8001bd00                mpeg2_get_framerate
 .text.yuv_assert_handler
                0x8001bd40       0x80 C:/N64/bin/../lib/gcc/mips64-elf/13.1.0/../../../../mips64-elf/lib\libdragon.a(yuv.o)
 .text.ltd_yuv2.0
                0x8001bdc0      0x3c0 C:/N64/bin/../lib/gcc/mips64-elf/13.1.0/../../../../mips64-elf/lib\libdragon.a(yuv.o)
 .text.yuv_tex_blit_setup
                0x8001c180      0x320 C:/N64/bin/../lib/gcc/mips64-elf/13.1.0/../../../../mips64-elf/lib\libdragon.a(yuv.o)
 .text.yuv_tex_blit_run.isra.0
                0x8001c4a0      0x280 C:/N64/bin/../lib/gcc/mips64-elf/13.1.0/../../../../mips64-elf/lib\libdragon.a(yuv.o)
 .text.yuv_init
                0x8001c720       0x60 C:/N64/bin/../lib/gcc/mips64-elf/13.1.0/../../../../mips64-elf/lib\libdragon.a(yuv.o)
                0x8001c720                yuv_init
 .text.yuv_blitter_new_fmv
                0x8001c780      0x480 C:/N64/bin/../lib/gcc/mips64-elf/13.1.0/../../../../mips64-elf/lib\libdragon.a(yuv.o)
                0x8001c780                yuv_blitter_new_fmv
 .text.yuv_blitter_run
                0x8001cc00       0x40 C:/N64/bin/../lib/gcc/mips64-elf/13.1.0/../../../../mips64-elf/lib\libdragon.a(yuv.o)
                0x8001cc00                yuv_blitter_run
 .text.profile_init
                0x8001cc40       0x80 C:/N64/bin/../lib/gcc/mips64-elf/13.1.0/../../../../mips64-elf/lib\libdragon.a(profile.o)
                0x8001cc40                profile_init
 .text.profile_next_frame
                0x8001ccc0       0xa0 C:/N64/bin/../lib/gcc/mips64-elf/13.1.0/../../../../mips64-elf/lib\libdragon.a(profile.o)
                0x8001ccc0                profile_next_frame
 .text.profile_dump
                0x8001cd60      0xba0 C:/N64/bin/../lib/gcc/mips64-elf/13.1.0/../../../../mips64-elf/lib\libdragon.a(profile.o)
                0x8001cd60                profile_dump
 .text.throttle_init
                0x8001d900       0x80 C:/N64/bin/../lib/gcc/mips64-elf/13.1.0/../../../../mips64-elf/lib\libdragon.a(throttle.o)
                0x8001d900                throttle_init
 .text.throttle_wait
                0x8001d980       0xc0 C:/N64/bin/../lib/gcc/mips64-elf/13.1.0/../../../../mips64-elf/lib\libdragon.a(throttle.o)
                0x8001d980                throttle_wait
 .text.mixer_init_samplebuffers
                0x8001da40      0x220 C:/N64/bin/../lib/gcc/mips64-elf/13.1.0/../../../../mips64-elf/lib\libdragon.a(mixer.o)
 .text.waveform_read
                0x8001dc60      0x1c0 C:/N64/bin/../lib/gcc/mips64-elf/13.1.0/../../../../mips64-elf/lib\libdragon.a(mixer.o)
 .text.mixer_ch_set_freq
                0x8001de20      0x100 C:/N64/bin/../lib/gcc/mips64-elf/13.1.0/../../../../mips64-elf/lib\libdragon.a(mixer.o)
                0x8001de20                mixer_ch_set_freq
 .text.mixer_ch_play
                0x8001df20      0x300 C:/N64/bin/../lib/gcc/mips64-elf/13.1.0/../../../../mips64-elf/lib\libdragon.a(mixer.o)
                0x8001df20                mixer_ch_play
 .text.mixer_ch_set_limits
                0x8001e220      0x1a0 C:/N64/bin/../lib/gcc/mips64-elf/13.1.0/../../../../mips64-elf/lib\libdragon.a(mixer.o)
                0x8001e220                mixer_ch_set_limits
 .text.mixer_init
                0x8001e3c0      0x180 C:/N64/bin/../lib/gcc/mips64-elf/13.1.0/../../../../mips64-elf/lib\libdragon.a(mixer.o)
                0x8001e3c0                mixer_init
 .text.mixer_remove_event
                0x8001e540       0xa0 C:/N64/bin/../lib/gcc/mips64-elf/13.1.0/../../../../mips64-elf/lib\libdragon.a(mixer.o)
                0x8001e540                mixer_remove_event
 .text.mixer_throttle
                0x8001e5e0       0x20 C:/N64/bin/../lib/gcc/mips64-elf/13.1.0/../../../../mips64-elf/lib\libdragon.a(mixer.o)
                0x8001e5e0                mixer_throttle
 .text.mixer_poll
                0x8001e600      0x9e0 C:/N64/bin/../lib/gcc/mips64-elf/13.1.0/../../../../mips64-elf/lib\libdragon.a(mixer.o)
                0x8001e600                mixer_poll
 .text.samplebuffer_init
                0x8001efe0       0xc0 C:/N64/bin/../lib/gcc/mips64-elf/13.1.0/../../../../mips64-elf/lib\libdragon.a(samplebuffer.o)
                0x8001efe0                samplebuffer_init
 .text.samplebuffer_set_bps
                0x8001f0a0      0x140 C:/N64/bin/../lib/gcc/mips64-elf/13.1.0/../../../../mips64-elf/lib\libdragon.a(samplebuffer.o)
                0x8001f0a0                samplebuffer_set_bps
 .text.samplebuffer_set_waveform
                0x8001f1e0       0x20 C:/N64/bin/../lib/gcc/mips64-elf/13.1.0/../../../../mips64-elf/lib\libdragon.a(samplebuffer.o)
                0x8001f1e0                samplebuffer_set_waveform
 .text.samplebuffer_close
                0x8001f200       0x20 C:/N64/bin/../lib/gcc/mips64-elf/13.1.0/../../../../mips64-elf/lib\libdragon.a(samplebuffer.o)
                0x8001f200                samplebuffer_close
 .text.samplebuffer_get
                0x8001f220      0x1c0 C:/N64/bin/../lib/gcc/mips64-elf/13.1.0/../../../../mips64-elf/lib\libdragon.a(samplebuffer.o)
                0x8001f220                samplebuffer_get
 .text.samplebuffer_discard
                0x8001f3e0      0x120 C:/N64/bin/../lib/gcc/mips64-elf/13.1.0/../../../../mips64-elf/lib\libdragon.a(samplebuffer.o)
                0x8001f3e0                samplebuffer_discard
 .text.samplebuffer_append
                0x8001f500      0x1a0 C:/N64/bin/../lib/gcc/mips64-elf/13.1.0/../../../../mips64-elf/lib\libdragon.a(samplebuffer.o)
                0x8001f500                samplebuffer_append
 .text.samplebuffer_flush
                0x8001f6a0       0x20 C:/N64/bin/../lib/gcc/mips64-elf/13.1.0/../../../../mips64-elf/lib\libdragon.a(samplebuffer.o)
                0x8001f6a0                samplebuffer_flush
 .text.waveform_read
                0x8001f6c0       0xa0 C:/N64/bin/../lib/gcc/mips64-elf/13.1.0/../../../../mips64-elf/lib\libdragon.a(wav64.o)
 .text.wav64_open
                0x8001f760      0x2a0 C:/N64/bin/../lib/gcc/mips64-elf/13.1.0/../../../../mips64-elf/lib\libdragon.a(wav64.o)
                0x8001f760                wav64_open
 .text.rspq_get_current_ovl
                0x8001fa00       0xc0 C:/N64/bin/../lib/gcc/mips64-elf/13.1.0/../../../../mips64-elf/lib\libdragon.a(rspq.o)
 .text.rspq_switch_context
                0x8001fac0       0x60 C:/N64/bin/../lib/gcc/mips64-elf/13.1.0/../../../../mips64-elf/lib\libdragon.a(rspq.o)
 .text.rspq_flush_internal
                0x8001fb20       0x40 C:/N64/bin/../lib/gcc/mips64-elf/13.1.0/../../../../mips64-elf/lib\libdragon.a(rspq.o)
 .text.rspq_crash_handler
                0x8001fb60      0x340 C:/N64/bin/../lib/gcc/mips64-elf/13.1.0/../../../../mips64-elf/lib\libdragon.a(rspq.o)
 .text.rspq_init_context
                0x8001fea0       0xa0 C:/N64/bin/../lib/gcc/mips64-elf/13.1.0/../../../../mips64-elf/lib\libdragon.a(rspq.o)
 .text.rspq_sp_interrupt
                0x8001ff40       0xa0 C:/N64/bin/../lib/gcc/mips64-elf/13.1.0/../../../../mips64-elf/lib\libdragon.a(rspq.o)
 .text.rspq_assert_handler
                0x8001ffe0       0xc0 C:/N64/bin/../lib/gcc/mips64-elf/13.1.0/../../../../mips64-elf/lib\libdragon.a(rspq.o)
 .text.rspq_switch_buffer.part.0
                0x800200a0       0x40 C:/N64/bin/../lib/gcc/mips64-elf/13.1.0/../../../../mips64-elf/lib\libdragon.a(rspq.o)
 .text.rspq_init
                0x800200e0      0x360 C:/N64/bin/../lib/gcc/mips64-elf/13.1.0/../../../../mips64-elf/lib\libdragon.a(rspq.o)
                0x800200e0                rspq_init
 .text.rspq_flush
                0x80020440       0x40 C:/N64/bin/../lib/gcc/mips64-elf/13.1.0/../../../../mips64-elf/lib\libdragon.a(rspq.o)
                0x80020440                rspq_flush
 .text.rspq_highpri_begin
                0x80020480       0xe0 C:/N64/bin/../lib/gcc/mips64-elf/13.1.0/../../../../mips64-elf/lib\libdragon.a(rspq.o)
                0x80020480                rspq_highpri_begin
 .text.rspq_highpri_end
                0x80020560       0xa0 C:/N64/bin/../lib/gcc/mips64-elf/13.1.0/../../../../mips64-elf/lib\libdragon.a(rspq.o)
                0x80020560                rspq_highpri_end
 .text.rspq_block_begin
                0x80020600      0x100 C:/N64/bin/../lib/gcc/mips64-elf/13.1.0/../../../../mips64-elf/lib\libdragon.a(rspq.o)
                0x80020600                rspq_block_begin
 .text.rspq_block_end
                0x80020700       0xa0 C:/N64/bin/../lib/gcc/mips64-elf/13.1.0/../../../../mips64-elf/lib\libdragon.a(rspq.o)
                0x80020700                rspq_block_end
 .text.__rspq_deferred_poll
                0x800207a0       0xe0 C:/N64/bin/../lib/gcc/mips64-elf/13.1.0/../../../../mips64-elf/lib\libdragon.a(rspq.o)
                0x800207a0                __rspq_deferred_poll
 .text.rspq_next_buffer
                0x80020880      0x2e0 C:/N64/bin/../lib/gcc/mips64-elf/13.1.0/../../../../mips64-elf/lib\libdragon.a(rspq.o)
                0x80020880                rspq_next_buffer
 .text.rspq_block_run
                0x80020b60      0x120 C:/N64/bin/../lib/gcc/mips64-elf/13.1.0/../../../../mips64-elf/lib\libdragon.a(rspq.o)
                0x80020b60                rspq_block_run
 .text.rspq_syncpoint_new
                0x80020c80       0xe0 C:/N64/bin/../lib/gcc/mips64-elf/13.1.0/../../../../mips64-elf/lib\libdragon.a(rspq.o)
                0x80020c80                rspq_syncpoint_new
 .text.rspq_highpri_sync
                0x80020d60      0x160 C:/N64/bin/../lib/gcc/mips64-elf/13.1.0/../../../../mips64-elf/lib\libdragon.a(rspq.o)
                0x80020d60                rspq_highpri_sync
 .text.rspq_syncpoint_wait
                0x80020ec0      0x160 C:/N64/bin/../lib/gcc/mips64-elf/13.1.0/../../../../mips64-elf/lib\libdragon.a(rspq.o)
                0x80020ec0                rspq_syncpoint_wait
 .text.rspq_wait
                0x80021020      0x180 C:/N64/bin/../lib/gcc/mips64-elf/13.1.0/../../../../mips64-elf/lib\libdragon.a(rspq.o)
                0x80021020                rspq_wait
 .text.rspq_overlay_get_state
                0x800211a0      0x160 C:/N64/bin/../lib/gcc/mips64-elf/13.1.0/../../../../mips64-elf/lib\libdragon.a(rspq.o)
                0x800211a0                rspq_overlay_get_state
 .text.rspq_overlay_register_internal
                0x80021300      0x580 C:/N64/bin/../lib/gcc/mips64-elf/13.1.0/../../../../mips64-elf/lib\libdragon.a(rspq.o)
 .text.rspq_overlay_register
                0x80021880       0x20 C:/N64/bin/../lib/gcc/mips64-elf/13.1.0/../../../../mips64-elf/lib\libdragon.a(rspq.o)
                0x80021880                rspq_overlay_register
 .text.rspq_overlay_register_static
                0x800218a0       0x60 C:/N64/bin/../lib/gcc/mips64-elf/13.1.0/../../../../mips64-elf/lib\libdragon.a(rspq.o)
                0x800218a0                rspq_overlay_register_static
 .text.rdpq_assert_handler
                0x80021900       0xa0 C:/N64/bin/../lib/gcc/mips64-elf/13.1.0/../../../../mips64-elf/lib\libdragon.a(rdpq.o)
 .text.__rdpq_interrupt
                0x800219a0       0xa0 C:/N64/bin/../lib/gcc/mips64-elf/13.1.0/../../../../mips64-elf/lib\libdragon.a(rdpq.o)
 .text.__rdpq_block_begin
                0x80021a40       0x40 C:/N64/bin/../lib/gcc/mips64-elf/13.1.0/../../../../mips64-elf/lib\libdragon.a(rdpq.o)
                0x80021a40                __rdpq_block_begin
 .text.__rdpq_block_next_buffer
                0x80021a80      0x1c0 C:/N64/bin/../lib/gcc/mips64-elf/13.1.0/../../../../mips64-elf/lib\libdragon.a(rdpq.o)
                0x80021a80                __rdpq_block_next_buffer
 .text.rdpq_fence
                0x80021c40      0x120 C:/N64/bin/../lib/gcc/mips64-elf/13.1.0/../../../../mips64-elf/lib\libdragon.a(rdpq.o)
                0x80021c40                rdpq_fence
 .text.__rdpq_block_end
                0x80021d60       0x40 C:/N64/bin/../lib/gcc/mips64-elf/13.1.0/../../../../mips64-elf/lib\libdragon.a(rdpq.o)
                0x80021d60                __rdpq_block_end
 .text.__rdpq_block_run
                0x80021da0       0x40 C:/N64/bin/../lib/gcc/mips64-elf/13.1.0/../../../../mips64-elf/lib\libdragon.a(rdpq.o)
                0x80021da0                __rdpq_block_run
 .text.__rdpq_block_reserve
                0x80021de0      0x120 C:/N64/bin/../lib/gcc/mips64-elf/13.1.0/../../../../mips64-elf/lib\libdragon.a(rdpq.o)
                0x80021de0                __rdpq_block_reserve
 .text.__rdpq_block_update
                0x80021f00      0x120 C:/N64/bin/../lib/gcc/mips64-elf/13.1.0/../../../../mips64-elf/lib\libdragon.a(rdpq.o)
                0x80021f00                __rdpq_block_update
 .text.__rdpq_write8
                0x80022020       0xe0 C:/N64/bin/../lib/gcc/mips64-elf/13.1.0/../../../../mips64-elf/lib\libdragon.a(rdpq.o)
                0x80022020                __rdpq_write8
 .text.__rdpq_autosync_change
                0x80022100      0x140 C:/N64/bin/../lib/gcc/mips64-elf/13.1.0/../../../../mips64-elf/lib\libdragon.a(rdpq.o)
                0x80022100                __rdpq_autosync_change
 .text.__rdpq_write8_syncchange
                0x80022240       0x60 C:/N64/bin/../lib/gcc/mips64-elf/13.1.0/../../../../mips64-elf/lib\libdragon.a(rdpq.o)
                0x80022240                __rdpq_write8_syncchange
 .text.__rdpq_fixup_write8_syncchange
                0x800222a0      0x100 C:/N64/bin/../lib/gcc/mips64-elf/13.1.0/../../../../mips64-elf/lib\libdragon.a(rdpq.o)
                0x800222a0                __rdpq_fixup_write8_syncchange
 .text.__rdpq_write8_syncchangeuse
                0x800223a0       0x80 C:/N64/bin/../lib/gcc/mips64-elf/13.1.0/../../../../mips64-elf/lib\libdragon.a(rdpq.o)
                0x800223a0                __rdpq_write8_syncchangeuse
 .text.__rdpq_set_scissor
                0x80022420       0xe0 C:/N64/bin/../lib/gcc/mips64-elf/13.1.0/../../../../mips64-elf/lib\libdragon.a(rdpq.o)
                0x80022420                __rdpq_set_scissor
 .text.__rdpq_set_fill_color
                0x80022500       0xe0 C:/N64/bin/../lib/gcc/mips64-elf/13.1.0/../../../../mips64-elf/lib\libdragon.a(rdpq.o)
                0x80022500                __rdpq_set_fill_color
 .text.__rdpq_set_color_image
                0x800225e0      0x140 C:/N64/bin/../lib/gcc/mips64-elf/13.1.0/../../../../mips64-elf/lib\libdragon.a(rdpq.o)
                0x800225e0                __rdpq_set_color_image
 .text.rdpq_set_color_image
                0x80022720      0x180 C:/N64/bin/../lib/gcc/mips64-elf/13.1.0/../../../../mips64-elf/lib\libdragon.a(rdpq.o)
                0x80022720                rdpq_set_color_image
 .text.rdpq_set_z_image
                0x800228a0       0xc0 C:/N64/bin/../lib/gcc/mips64-elf/13.1.0/../../../../mips64-elf/lib\libdragon.a(rdpq.o)
                0x800228a0                rdpq_set_z_image
 .text.__rdpq_set_other_modes
                0x80022960      0x100 C:/N64/bin/../lib/gcc/mips64-elf/13.1.0/../../../../mips64-elf/lib\libdragon.a(rdpq.o)
                0x80022960                __rdpq_set_other_modes
 .text.rdpq_init
                0x80022a60      0x180 C:/N64/bin/../lib/gcc/mips64-elf/13.1.0/../../../../mips64-elf/lib\libdragon.a(rdpq.o)
                0x80022a60                rdpq_init
 .text.rdpq_sync_full
                0x80022be0      0x100 C:/N64/bin/../lib/gcc/mips64-elf/13.1.0/../../../../mips64-elf/lib\libdragon.a(rdpq.o)
                0x80022be0                rdpq_sync_full
 .text.__rdpq_fill_rectangle
                0x80022ce0      0x120 C:/N64/bin/../lib/gcc/mips64-elf/13.1.0/../../../../mips64-elf/lib\libdragon.a(rdpq_rect.o)
                0x80022ce0                __rdpq_fill_rectangle
 .text.__rdpq_fill_rectangle_offline
                0x80022e00       0x80 C:/N64/bin/../lib/gcc/mips64-elf/13.1.0/../../../../mips64-elf/lib\libdragon.a(rdpq_rect.o)
                0x80022e00                __rdpq_fill_rectangle_offline
 .text.__rdpq_texture_rectangle
                0x80022e80      0x1a0 C:/N64/bin/../lib/gcc/mips64-elf/13.1.0/../../../../mips64-elf/lib\libdragon.a(rdpq_rect.o)
                0x80022e80                __rdpq_texture_rectangle
 .text.__rdpq_texture_rectangle_offline
                0x80023020      0x1a0 C:/N64/bin/../lib/gcc/mips64-elf/13.1.0/../../../../mips64-elf/lib\libdragon.a(rdpq_rect.o)
                0x80023020                __rdpq_texture_rectangle_offline
 .text.__rdpq_texture_rectangle_scaled_offline
                0x800231c0      0x200 C:/N64/bin/../lib/gcc/mips64-elf/13.1.0/../../../../mips64-elf/lib\libdragon.a(rdpq_rect.o)
                0x800231c0                __rdpq_texture_rectangle_scaled_offline
 .text.__rdpq_fixup_mode
                0x800233c0       0xc0 C:/N64/bin/../lib/gcc/mips64-elf/13.1.0/../../../../mips64-elf/lib\libdragon.a(rdpq_mode.o)
                0x800233c0                __rdpq_fixup_mode
 .text.__rdpq_reset_render_mode
                0x80023480       0xe0 C:/N64/bin/../lib/gcc/mips64-elf/13.1.0/../../../../mips64-elf/lib\libdragon.a(rdpq_mode.o)
                0x80023480                __rdpq_reset_render_mode
 .text.rdpq_mode_push
                0x80023560       0x40 C:/N64/bin/../lib/gcc/mips64-elf/13.1.0/../../../../mips64-elf/lib\libdragon.a(rdpq_mode.o)
                0x80023560                rdpq_mode_push
 .text.rdpq_mode_pop
                0x800235a0       0x20 C:/N64/bin/../lib/gcc/mips64-elf/13.1.0/../../../../mips64-elf/lib\libdragon.a(rdpq_mode.o)
                0x800235a0                rdpq_mode_pop
 .text.__rdpq_set_mode_fill
                0x800235c0       0x80 C:/N64/bin/../lib/gcc/mips64-elf/13.1.0/../../../../mips64-elf/lib\libdragon.a(rdpq_mode.o)
                0x800235c0                __rdpq_set_mode_fill
 .text.rdpq_set_mode_yuv
                0x80023640       0xe0 C:/N64/bin/../lib/gcc/mips64-elf/13.1.0/../../../../mips64-elf/lib\libdragon.a(rdpq_mode.o)
                0x80023640                rdpq_set_mode_yuv
 .text.tex_xblit_norotate_noscale
                0x80023720      0x140 C:/N64/bin/../lib/gcc/mips64-elf/13.1.0/../../../../mips64-elf/lib\libdragon.a(rdpq_tex.o)
 .text.tex_xblit_norotate
                0x80023860      0x220 C:/N64/bin/../lib/gcc/mips64-elf/13.1.0/../../../../mips64-elf/lib\libdragon.a(rdpq_tex.o)
 .text.draw_cb.0
                0x80023a80      0x100 C:/N64/bin/../lib/gcc/mips64-elf/13.1.0/../../../../mips64-elf/lib\libdragon.a(rdpq_tex.o)
 .text.draw_cb.1
                0x80023b80      0x140 C:/N64/bin/../lib/gcc/mips64-elf/13.1.0/../../../../mips64-elf/lib\libdragon.a(rdpq_tex.o)
 .text.tex_xblit
                0x80023cc0      0x2e0 C:/N64/bin/../lib/gcc/mips64-elf/13.1.0/../../../../mips64-elf/lib\libdragon.a(rdpq_tex.o)
 .text.draw_cb_multi_rot.2
                0x80023fa0      0x300 C:/N64/bin/../lib/gcc/mips64-elf/13.1.0/../../../../mips64-elf/lib\libdragon.a(rdpq_tex.o)
 .text.draw_cb.3
                0x800242a0      0x1c0 C:/N64/bin/../lib/gcc/mips64-elf/13.1.0/../../../../mips64-elf/lib\libdragon.a(rdpq_tex.o)
 .text.__rdpq_tex_blit
                0x80024460       0xc0 C:/N64/bin/../lib/gcc/mips64-elf/13.1.0/../../../../mips64-elf/lib\libdragon.a(rdpq_tex.o)
                0x80024460                __rdpq_tex_blit
 .text.rdpq_attach.part.0
                0x80024520       0x40 C:/N64/bin/../lib/gcc/mips64-elf/13.1.0/../../../../mips64-elf/lib\libdragon.a(rdpq_attach.o)
 .text.attach   0x80024560      0x220 C:/N64/bin/../lib/gcc/mips64-elf/13.1.0/../../../../mips64-elf/lib\libdragon.a(rdpq_attach.o)
 .text.rdpq_attach
                0x80024780       0x40 C:/N64/bin/../lib/gcc/mips64-elf/13.1.0/../../../../mips64-elf/lib\libdragon.a(rdpq_attach.o)
                0x80024780                rdpq_attach
 .text.rdpq_detach_cb
                0x800247c0       0xc0 C:/N64/bin/../lib/gcc/mips64-elf/13.1.0/../../../../mips64-elf/lib\libdragon.a(rdpq_attach.o)
                0x800247c0                rdpq_detach_cb
 .text.rdpq_detach_show
                0x80024880       0x80 C:/N64/bin/../lib/gcc/mips64-elf/13.1.0/../../../../mips64-elf/lib\libdragon.a(rdpq_attach.o)
                0x80024880                rdpq_detach_show
 .text.sys_bbplayer
                0x80024900       0x20 C:/N64/bin/../lib/gcc/mips64-elf/13.1.0/../../../../mips64-elf/lib\libdragon.a(n64sys.o)
                0x80024900                sys_bbplayer
 .text.data_cache_hit_writeback
                0x80024920       0x60 C:/N64/bin/../lib/gcc/mips64-elf/13.1.0/../../../../mips64-elf/lib\libdragon.a(n64sys.o)
                0x80024920                data_cache_hit_writeback
 .text.__data_cache_hit_invalidate
                0x80024980       0x60 C:/N64/bin/../lib/gcc/mips64-elf/13.1.0/../../../../mips64-elf/lib\libdragon.a(n64sys.o)
                0x80024980                __data_cache_hit_invalidate
 .text.data_cache_hit_writeback_invalidate
                0x800249e0       0x60 C:/N64/bin/../lib/gcc/mips64-elf/13.1.0/../../../../mips64-elf/lib\libdragon.a(n64sys.o)
                0x800249e0                data_cache_hit_writeback_invalidate
 .text.inst_cache_hit_invalidate
                0x80024a40       0x60 C:/N64/bin/../lib/gcc/mips64-elf/13.1.0/../../../../mips64-elf/lib\libdragon.a(n64sys.o)
                0x80024a40                inst_cache_hit_invalidate
 .text.malloc_uncached_aligned
                0x80024aa0       0xc0 C:/N64/bin/../lib/gcc/mips64-elf/13.1.0/../../../../mips64-elf/lib\libdragon.a(n64sys.o)
                0x80024aa0                malloc_uncached_aligned
 .text.malloc_uncached
                0x80024b60       0x20 C:/N64/bin/../lib/gcc/mips64-elf/13.1.0/../../../../mips64-elf/lib\libdragon.a(n64sys.o)
                0x80024b60                malloc_uncached
 .text.free_uncached
                0x80024b80       0x20 C:/N64/bin/../lib/gcc/mips64-elf/13.1.0/../../../../mips64-elf/lib\libdragon.a(n64sys.o)
                0x80024b80                free_uncached
 .text.get_memory_size
                0x80024ba0       0x60 C:/N64/bin/../lib/gcc/mips64-elf/13.1.0/../../../../mips64-elf/lib\libdragon.a(n64sys.o)
                0x80024ba0                get_memory_size
 .text.get_tv_type
                0x80024c00       0x20 C:/N64/bin/../lib/gcc/mips64-elf/13.1.0/../../../../mips64-elf/lib\libdragon.a(n64sys.o)
                0x80024c00                get_tv_type
 .text.wait_ms  0x80024c20       0x40 C:/N64/bin/../lib/gcc/mips64-elf/13.1.0/../../../../mips64-elf/lib\libdragon.a(n64sys.o)
                0x80024c20                wait_ms
 .text.startup.__init_cop1
                0x80024c60       0x40 C:/N64/bin/../lib/gcc/mips64-elf/13.1.0/../../../../mips64-elf/lib\libdragon.a(n64sys.o)
                0x80024c60                __init_cop1
 .text.__MI_handler
                0x80024ca0      0x220 C:/N64/bin/../lib/gcc/mips64-elf/13.1.0/../../../../mips64-elf/lib\libdragon.a(interrupt.o)
                0x80024ca0                __MI_handler
 .text.__TI_handler
                0x80024ec0       0x60 C:/N64/bin/../lib/gcc/mips64-elf/13.1.0/../../../../mips64-elf/lib\libdragon.a(interrupt.o)
                0x80024ec0                __TI_handler
 .text.__CART_handler
                0x80024f20       0xa0 C:/N64/bin/../lib/gcc/mips64-elf/13.1.0/../../../../mips64-elf/lib\libdragon.a(interrupt.o)
                0x80024f20                __CART_handler
 .text.__RESET_handler
                0x80024fc0       0x60 C:/N64/bin/../lib/gcc/mips64-elf/13.1.0/../../../../mips64-elf/lib\libdragon.a(interrupt.o)
                0x80024fc0                __RESET_handler
 .text.register_AI_handler
                0x80025020       0x60 C:/N64/bin/../lib/gcc/mips64-elf/13.1.0/../../../../mips64-elf/lib\libdragon.a(interrupt.o)
                0x80025020                register_AI_handler
 .text.register_VI_handler
                0x80025080       0x60 C:/N64/bin/../lib/gcc/mips64-elf/13.1.0/../../../../mips64-elf/lib\libdragon.a(interrupt.o)
                0x80025080                register_VI_handler
 .text.unregister_VI_handler
                0x800250e0       0x60 C:/N64/bin/../lib/gcc/mips64-elf/13.1.0/../../../../mips64-elf/lib\libdragon.a(interrupt.o)
                0x800250e0                unregister_VI_handler
 .text.register_DP_handler
                0x80025140       0x60 C:/N64/bin/../lib/gcc/mips64-elf/13.1.0/../../../../mips64-elf/lib\libdragon.a(interrupt.o)
                0x80025140                register_DP_handler
 .text.register_SI_handler
                0x800251a0       0x60 C:/N64/bin/../lib/gcc/mips64-elf/13.1.0/../../../../mips64-elf/lib\libdragon.a(interrupt.o)
                0x800251a0                register_SI_handler
 .text.register_SP_handler
                0x80025200       0x60 C:/N64/bin/../lib/gcc/mips64-elf/13.1.0/../../../../mips64-elf/lib\libdragon.a(interrupt.o)
                0x80025200                register_SP_handler
 .text.set_AI_interrupt
                0x80025260       0x40 C:/N64/bin/../lib/gcc/mips64-elf/13.1.0/../../../../mips64-elf/lib\libdragon.a(interrupt.o)
                0x80025260                set_AI_interrupt
 .text.set_VI_interrupt
                0x800252a0       0x40 C:/N64/bin/../lib/gcc/mips64-elf/13.1.0/../../../../mips64-elf/lib\libdragon.a(interrupt.o)
                0x800252a0                set_VI_interrupt
 .text.set_DP_interrupt
                0x800252e0       0x40 C:/N64/bin/../lib/gcc/mips64-elf/13.1.0/../../../../mips64-elf/lib\libdragon.a(interrupt.o)
                0x800252e0                set_DP_interrupt
 .text.set_SI_interrupt
                0x80025320       0x40 C:/N64/bin/../lib/gcc/mips64-elf/13.1.0/../../../../mips64-elf/lib\libdragon.a(interrupt.o)
                0x80025320                set_SI_interrupt
 .text.set_SP_interrupt
                0x80025360       0x40 C:/N64/bin/../lib/gcc/mips64-elf/13.1.0/../../../../mips64-elf/lib\libdragon.a(interrupt.o)
                0x80025360                set_SP_interrupt
 .text.startup.__init_interrupts
                0x800253a0       0x40 C:/N64/bin/../lib/gcc/mips64-elf/13.1.0/../../../../mips64-elf/lib\libdragon.a(interrupt.o)
                0x800253a0                __init_interrupts
 .text.disable_interrupts
                0x800253e0       0x60 C:/N64/bin/../lib/gcc/mips64-elf/13.1.0/../../../../mips64-elf/lib\libdragon.a(interrupt.o)
                0x800253e0                disable_interrupts
 .text.enable_interrupts
                0x80025440       0x80 C:/N64/bin/../lib/gcc/mips64-elf/13.1.0/../../../../mips64-elf/lib\libdragon.a(interrupt.o)
                0x80025440                enable_interrupts
 .text.get_interrupts_state
                0x800254c0       0x20 C:/N64/bin/../lib/gcc/mips64-elf/13.1.0/../../../../mips64-elf/lib\libdragon.a(interrupt.o)
                0x800254c0                get_interrupts_state
 .text.exception_reset_time
                0x800254e0       0x20 C:/N64/bin/../lib/gcc/mips64-elf/13.1.0/../../../../mips64-elf/lib\libdragon.a(interrupt.o)
                0x800254e0                exception_reset_time
 .text.cb.0     0x80025500       0x40 C:/N64/bin/../lib/gcc/mips64-elf/13.1.0/../../../../mips64-elf/lib\libdragon.a(backtrace.o)
 .text.symt_open
                0x80025540      0x1e0 C:/N64/bin/../lib/gcc/mips64-elf/13.1.0/../../../../mips64-elf/lib\libdragon.a(backtrace.o)
 .text.symt_addrtab_entry.isra.0
                0x80025720       0x60 C:/N64/bin/../lib/gcc/mips64-elf/13.1.0/../../../../mips64-elf/lib\libdragon.a(backtrace.o)
 .text.format_entry
                0x80025780      0x240 C:/N64/bin/../lib/gcc/mips64-elf/13.1.0/../../../../mips64-elf/lib\libdragon.a(backtrace.o)
 .text.symt_addrtab_search
                0x800259c0      0x1e0 C:/N64/bin/../lib/gcc/mips64-elf/13.1.0/../../../../mips64-elf/lib\libdragon.a(backtrace.o)
 .text.__symbolize
                0x80025ba0      0x220 C:/N64/bin/../lib/gcc/mips64-elf/13.1.0/../../../../mips64-elf/lib\libdragon.a(backtrace.o)
                0x80025ba0                __symbolize
 .text.__bt_analyze_func
                0x80025dc0      0x1a0 C:/N64/bin/../lib/gcc/mips64-elf/13.1.0/../../../../mips64-elf/lib\libdragon.a(backtrace.o)
                0x80025dc0                __bt_analyze_func
 .text.backtrace_foreach
                0x80025f60      0x2e0 C:/N64/bin/../lib/gcc/mips64-elf/13.1.0/../../../../mips64-elf/lib\libdragon.a(backtrace.o)
 .text.backtrace
                0x80026240       0xc0 C:/N64/bin/../lib/gcc/mips64-elf/13.1.0/../../../../mips64-elf/lib\libdragon.a(backtrace.o)
                0x80026240                backtrace
 .text.backtrace_symbols_cb
                0x80026300      0x2c0 C:/N64/bin/../lib/gcc/mips64-elf/13.1.0/../../../../mips64-elf/lib\libdragon.a(backtrace.o)
                0x80026300                backtrace_symbols_cb
 .text.backtrace_frame_print
                0x800265c0       0xa0 C:/N64/bin/../lib/gcc/mips64-elf/13.1.0/../../../../mips64-elf/lib\libdragon.a(backtrace.o)
                0x800265c0                backtrace_frame_print
 .text.backtrace_frame_print_compact
                0x80026660      0x140 C:/N64/bin/../lib/gcc/mips64-elf/13.1.0/../../../../mips64-elf/lib\libdragon.a(backtrace.o)
                0x80026660                backtrace_frame_print_compact
 .text.rompak_search_ext
                0x800267a0      0x1e0 C:/N64/bin/../lib/gcc/mips64-elf/13.1.0/../../../../mips64-elf/lib\libdragon.a(rompak.o)
                0x800267a0                rompak_search_ext
 .text.__console_render.part.0
                0x80026980      0x100 C:/N64/bin/../lib/gcc/mips64-elf/13.1.0/../../../../mips64-elf/lib\libdragon.a(console.o)
 .text.__console_write
                0x80026a80      0x2c0 C:/N64/bin/../lib/gcc/mips64-elf/13.1.0/../../../../mips64-elf/lib\libdragon.a(console.o)
 .text.console_set_render_mode
                0x80026d40       0x20 C:/N64/bin/../lib/gcc/mips64-elf/13.1.0/../../../../mips64-elf/lib\libdragon.a(console.o)
                0x80026d40                console_set_render_mode
 .text.console_init
                0x80026d60       0xe0 C:/N64/bin/../lib/gcc/mips64-elf/13.1.0/../../../../mips64-elf/lib\libdragon.a(console.o)
                0x80026d60                console_init
 .text.console_render
                0x80026e40       0x40 C:/N64/bin/../lib/gcc/mips64-elf/13.1.0/../../../../mips64-elf/lib\libdragon.a(console.o)
                0x80026e40                console_render
 .text.console_set_debug
                0x80026e80       0x20 C:/N64/bin/../lib/gcc/mips64-elf/13.1.0/../../../../mips64-elf/lib\libdragon.a(console.o)
                0x80026e80                console_set_debug
 .text.joybus_msg_send
                0x80026ea0       0x80 C:/N64/bin/../lib/gcc/mips64-elf/13.1.0/../../../../mips64-elf/lib\libdragon.a(joybus.o)
 .text.callback.0
                0x80026f20       0xa0 C:/N64/bin/../lib/gcc/mips64-elf/13.1.0/../../../../mips64-elf/lib\libdragon.a(joybus.o)
 .text.si_interrupt
                0x80026fc0      0x1a0 C:/N64/bin/../lib/gcc/mips64-elf/13.1.0/../../../../mips64-elf/lib\libdragon.a(joybus.o)
 .text.startup.__joybus_init
                0x80027160       0x60 C:/N64/bin/../lib/gcc/mips64-elf/13.1.0/../../../../mips64-elf/lib\libdragon.a(joybus.o)
                0x80027160                __joybus_init
 .text.joybus_exec_async
                0x800271c0      0x1a0 C:/N64/bin/../lib/gcc/mips64-elf/13.1.0/../../../../mips64-elf/lib\libdragon.a(joybus.o)
                0x800271c0                joybus_exec_async
 .text.joybus_exec
                0x80027360      0x140 C:/N64/bin/../lib/gcc/mips64-elf/13.1.0/../../../../mips64-elf/lib\libdragon.a(joybus.o)
                0x80027360                joybus_exec
 .text.graphics_draw_character.part.0
                0x800274a0      0x2c0 C:/N64/bin/../lib/gcc/mips64-elf/13.1.0/../../../../mips64-elf/lib\libdragon.a(graphics.o)
 .text.graphics_set_color
                0x80027760       0x20 C:/N64/bin/../lib/gcc/mips64-elf/13.1.0/../../../../mips64-elf/lib\libdragon.a(graphics.o)
                0x80027760                graphics_set_color
 .text.graphics_draw_box
                0x80027780      0x120 C:/N64/bin/../lib/gcc/mips64-elf/13.1.0/../../../../mips64-elf/lib\libdragon.a(graphics.o)
                0x80027780                graphics_draw_box
 .text.graphics_fill_screen
                0x800278a0       0x80 C:/N64/bin/../lib/gcc/mips64-elf/13.1.0/../../../../mips64-elf/lib\libdragon.a(graphics.o)
                0x800278a0                graphics_fill_screen
 .text.graphics_set_default_font
                0x80027920       0x80 C:/N64/bin/../lib/gcc/mips64-elf/13.1.0/../../../../mips64-elf/lib\libdragon.a(graphics.o)
                0x80027920                graphics_set_default_font
 .text.graphics_draw_character
                0x800279a0       0x20 C:/N64/bin/../lib/gcc/mips64-elf/13.1.0/../../../../mips64-elf/lib\libdragon.a(graphics.o)
                0x800279a0                graphics_draw_character
 .text.graphics_draw_text
                0x800279c0      0x120 C:/N64/bin/../lib/gcc/mips64-elf/13.1.0/../../../../mips64-elf/lib\libdragon.a(graphics.o)
                0x800279c0                graphics_draw_text
 .text.rdpq_triangle_rsp
                0x80027ae0      0x580 C:/N64/bin/../lib/gcc/mips64-elf/13.1.0/../../../../mips64-elf/lib\libdragon.a(rdpq_tri.o)
                0x80027ae0                rdpq_triangle_rsp
 .text.rdpq_triangle
                0x80028060       0x20 C:/N64/bin/../lib/gcc/mips64-elf/13.1.0/../../../../mips64-elf/lib\libdragon.a(rdpq_tri.o)
                0x80028060                rdpq_triangle
 .text.__get_fs_link_by_name
                0x80028080       0xe0 C:/N64/bin/../lib/gcc/mips64-elf/13.1.0/../../../../mips64-elf/lib\libdragonsys.a(system.o)
 .text.attach_filesystem
                0x80028160      0x200 C:/N64/bin/../lib/gcc/mips64-elf/13.1.0/../../../../mips64-elf/lib\libdragonsys.a(system.o)
                0x80028160                attach_filesystem
 .text.close    0x80028360      0x140 C:/N64/bin/../lib/gcc/mips64-elf/13.1.0/../../../../mips64-elf/lib\libdragonsys.a(system.o)
                0x80028360                close
 .text._exit    0x800284a0       0x20 C:/N64/bin/../lib/gcc/mips64-elf/13.1.0/../../../../mips64-elf/lib\libdragonsys.a(system.o)
                0x800284a0                _exit
 .text.fstat    0x800284c0      0x120 C:/N64/bin/../lib/gcc/mips64-elf/13.1.0/../../../../mips64-elf/lib\libdragonsys.a(system.o)
                0x800284c0                fstat
 .text.getpid   0x800285e0       0x40 C:/N64/bin/../lib/gcc/mips64-elf/13.1.0/../../../../mips64-elf/lib\libdragonsys.a(system.o)
                0x800285e0                getpid
 .text.isatty   0x80028620       0x40 C:/N64/bin/../lib/gcc/mips64-elf/13.1.0/../../../../mips64-elf/lib\libdragonsys.a(system.o)
                0x80028620                isatty
 .text.kill     0x80028660       0x40 C:/N64/bin/../lib/gcc/mips64-elf/13.1.0/../../../../mips64-elf/lib\libdragonsys.a(system.o)
                0x80028660                kill
 .text.lseek    0x800286a0      0x120 C:/N64/bin/../lib/gcc/mips64-elf/13.1.0/../../../../mips64-elf/lib\libdragonsys.a(system.o)
                0x800286a0                lseek
 .text.open     0x800287c0      0x1c0 C:/N64/bin/../lib/gcc/mips64-elf/13.1.0/../../../../mips64-elf/lib\libdragonsys.a(system.o)
                0x800287c0                open
 .text.read     0x80028980      0x160 C:/N64/bin/../lib/gcc/mips64-elf/13.1.0/../../../../mips64-elf/lib\libdragonsys.a(system.o)
                0x80028980                read
 .text.sbrk     0x80028ae0       0xc0 C:/N64/bin/../lib/gcc/mips64-elf/13.1.0/../../../../mips64-elf/lib\libdragonsys.a(system.o)
                0x80028ae0                sbrk
 .text.write    0x80028ba0      0x180 C:/N64/bin/../lib/gcc/mips64-elf/13.1.0/../../../../mips64-elf/lib\libdragonsys.a(system.o)
                0x80028ba0                write
 .text.hook_stdio_calls
                0x80028d20       0x60 C:/N64/bin/../lib/gcc/mips64-elf/13.1.0/../../../../mips64-elf/lib\libdragonsys.a(system.o)
                0x80028d20                hook_stdio_calls
 .text._flush_cache
                0x80028d80       0x40 C:/N64/bin/../lib/gcc/mips64-elf/13.1.0/../../../../mips64-elf/lib\libdragonsys.a(system.o)
                0x80028d80                _flush_cache
 .text.__assert_func
                0x80028dc0       0x20 C:/N64/bin/../lib/gcc/mips64-elf/13.1.0/../../../../mips64-elf/lib\libdragonsys.a(system.o)
                0x80028dc0                __assert_func
 *(.init)
 .init          0x80028de0        0x8 C:/N64/bin/../lib/gcc/mips64-elf/13.1.0/crti.o
                0x80028de0                _init
 *(.fini)
 .fini          0x80028de8        0x8 C:/N64/bin/../lib/gcc/mips64-elf/13.1.0/crti.o
                0x80028de8                _fini
 *(.gnu.linkonce.t.*)
                0x80028df0                        . = ALIGN (0x10)
                0x80028df0                        __text_end = .

.eh_frame_hdr
 *(.eh_frame_hdr)

.eh_frame       0x80028df0        0x4
                0x80028df0                        __EH_FRAME_BEGIN__ = .
 *(.eh_frame)
 .eh_frame      0x80028df0        0x0 C:/N64/bin/../lib/gcc/mips64-elf/13.1.0/crtbegin.o
 .eh_frame      0x80028df0        0x4 C:/N64/bin/../lib/gcc/mips64-elf/13.1.0/crtend.o

.gcc_except_table
 *(.gcc_except_table*)

.jcr
 *(.jcr)

.rodata         0x80028df8    0x13e18
 *(.rdata)
 *(.rodata)
 .rodata        0x80028df8      0x398 C:/N64/bin/../lib/gcc/mips64-elf/13.1.0/../../../../mips64-elf/lib\libm.a(libm_a-ef_rem_pio2.o)
 .rodata        0x80029190       0x3c C:/N64/bin/../lib/gcc/mips64-elf/13.1.0/../../../../mips64-elf/lib\libm.a(libm_a-kf_rem_pio2.o)
 *fill*         0x800291cc        0x4 
 .rodata        0x800291d0      0x188 C:/N64/bin/../lib/gcc/mips64-elf/13.1.0/../../../../mips64-elf/lib\libc.a(libc_a-vfprintf.o)
 .rodata        0x80029358      0x188 C:/N64/bin/../lib/gcc/mips64-elf/13.1.0/../../../../mips64-elf/lib\libc.a(libc_a-vfiprintf.o)
 .rodata        0x800294e0      0x23c C:/N64/bin/../lib/gcc/mips64-elf/13.1.0/../../../../mips64-elf/lib\libc.a(libc_a-strerror.o)
 *fill*         0x8002971c        0x4 
 .rodata        0x80029720      0x128 C:/N64/bin/../lib/gcc/mips64-elf/13.1.0/../../../../mips64-elf/lib\libc.a(libc_a-mprec.o)
                0x80029730                __mprec_tinytens
                0x80029758                __mprec_bigtens
                0x80029780                __mprec_tens
 .rodata        0x80029848      0x288 C:/N64/bin/../lib/gcc/mips64-elf/13.1.0/../../../../mips64-elf/lib\libc.a(libc_a-ctype_.o)
                0x80029848                _ctype_
                0x80029950                _ctype_b
 .rodata        0x80029ad0      0x188 C:/N64/bin/../lib/gcc/mips64-elf/13.1.0/../../../../mips64-elf/lib\libc.a(libc_a-svfprintf.o)
 .rodata        0x80029c58      0x188 C:/N64/bin/../lib/gcc/mips64-elf/13.1.0/../../../../mips64-elf/lib\libc.a(libc_a-svfiprintf.o)
 *(.rodata.*)
 .rodata.main.str1.8
                0x80029de0       0x55 build/videoplayer.o
 *fill*         0x80029e35        0x3 
 .rodata.RESOLUTION_160x96.0
                0x80029e38        0xc build/videoplayer.o
 *fill*         0x80029e44        0x4 
 .rodata.cb.0.str1.8
                0x80029e48       0x1d C:/N64/bin/../lib/gcc/mips64-elf/13.1.0/../../../../mips64-elf/lib\libdragon.a(debug.o)
 *fill*         0x80029e65        0x3 
 .rodata.debug_assert_func_f.str1.8
                0x80029e68       0x3d C:/N64/bin/../lib/gcc/mips64-elf/13.1.0/../../../../mips64-elf/lib\libdragon.a(debug.o)
                                 0x45 (size before relaxing)
 *fill*         0x80029ea5        0x3 
 .rodata.debug_hexdump.str1.8
                0x80029ea8       0x2b C:/N64/bin/../lib/gcc/mips64-elf/13.1.0/../../../../mips64-elf/lib\libdragon.a(debug.o)
 *fill*         0x80029ed3        0x5 
 .rodata.__debug_backtrace.str1.8
                0x80029ed8        0xc C:/N64/bin/../lib/gcc/mips64-elf/13.1.0/../../../../mips64-elf/lib\libdragon.a(debug.o)
 *fill*         0x80029ee4        0x4 
 .rodata.__open.str1.8
                0x80029ee8        0x2 C:/N64/bin/../lib/gcc/mips64-elf/13.1.0/../../../../mips64-elf/lib\libdragon.a(dragonfs.o)
 *fill*         0x80029eea        0x2 
 .rodata.__open
                0x80029eec       0x14 C:/N64/bin/../lib/gcc/mips64-elf/13.1.0/../../../../mips64-elf/lib\libdragon.a(dragonfs.o)
 .rodata.dfs_read.str1.8
                0x80029f00       0x3f C:/N64/bin/../lib/gcc/mips64-elf/13.1.0/../../../../mips64-elf/lib\libdragon.a(dragonfs.o)
 *fill*         0x80029f3f        0x1 
 .rodata.dfs_init.str1.8
                0x80029f40       0x86 C:/N64/bin/../lib/gcc/mips64-elf/13.1.0/../../../../mips64-elf/lib\libdragon.a(dragonfs.o)
                                 0x8e (size before relaxing)
 *fill*         0x80029fc6        0x2 
 .rodata.__func__.0
                0x80029fc8       0x16 C:/N64/bin/../lib/gcc/mips64-elf/13.1.0/../../../../mips64-elf/lib\libdragon.a(dragonfs.o)
 *fill*         0x80029fde        0x2 
 .rodata.__func__.1
                0x80029fe0        0x9 C:/N64/bin/../lib/gcc/mips64-elf/13.1.0/../../../../mips64-elf/lib\libdragon.a(dragonfs.o)
 *fill*         0x80029fe9        0x7 
 .rodata.display_show.part.0.str1.8
                0x80029ff0       0xf9 C:/N64/bin/../lib/gcc/mips64-elf/13.1.0/../../../../mips64-elf/lib\libdragon.a(display.o)
 *fill*         0x8002a0e9        0x7 
 .rodata.display_init.str1.8
                0x8002a0f0      0x199 C:/N64/bin/../lib/gcc/mips64-elf/13.1.0/../../../../mips64-elf/lib\libdragon.a(display.o)
 *fill*         0x8002a289        0x7 
 .rodata.display_get.str1.8
                0x8002a290       0x1c C:/N64/bin/../lib/gcc/mips64-elf/13.1.0/../../../../mips64-elf/lib\libdragon.a(display.o)
 *fill*         0x8002a2ac        0x4 
 .rodata.__func__.0
                0x8002a2b0        0xd C:/N64/bin/../lib/gcc/mips64-elf/13.1.0/../../../../mips64-elf/lib\libdragon.a(display.o)
 *fill*         0x8002a2bd        0x3 
 .rodata.__func__.1
                0x8002a2c0        0xc C:/N64/bin/../lib/gcc/mips64-elf/13.1.0/../../../../mips64-elf/lib\libdragon.a(display.o)
 *fill*         0x8002a2cc        0x4 
 .rodata.__func__.2
                0x8002a2d0        0xd C:/N64/bin/../lib/gcc/mips64-elf/13.1.0/../../../../mips64-elf/lib\libdragon.a(display.o)
 *fill*         0x8002a2dd        0x3 
 .rodata.reg_values
                0x8002a2e0       0x18 C:/N64/bin/../lib/gcc/mips64-elf/13.1.0/../../../../mips64-elf/lib\libdragon.a(display.o)
 .rodata.mpal_i
                0x8002a2f8       0x38 C:/N64/bin/../lib/gcc/mips64-elf/13.1.0/../../../../mips64-elf/lib\libdragon.a(display.o)
 .rodata.pal_i  0x8002a330       0x38 C:/N64/bin/../lib/gcc/mips64-elf/13.1.0/../../../../mips64-elf/lib\libdragon.a(display.o)
 .rodata.ntsc_i
                0x8002a368       0x38 C:/N64/bin/../lib/gcc/mips64-elf/13.1.0/../../../../mips64-elf/lib\libdragon.a(display.o)
 .rodata.mpal_p
                0x8002a3a0       0x38 C:/N64/bin/../lib/gcc/mips64-elf/13.1.0/../../../../mips64-elf/lib\libdragon.a(display.o)
 .rodata.pal_p  0x8002a3d8       0x38 C:/N64/bin/../lib/gcc/mips64-elf/13.1.0/../../../../mips64-elf/lib\libdragon.a(display.o)
 .rodata.ntsc_p
                0x8002a410       0x38 C:/N64/bin/../lib/gcc/mips64-elf/13.1.0/../../../../mips64-elf/lib\libdragon.a(display.o)
 .rodata.tex_format_name.str1.8
                0x8002a448        0x8 C:/N64/bin/../lib/gcc/mips64-elf/13.1.0/../../../../mips64-elf/lib\libdragon.a(surface.o)
 .rodata.surface_alloc.str1.8
                0x8002a450       0x62 C:/N64/bin/../lib/gcc/mips64-elf/13.1.0/../../../../mips64-elf/lib\libdragon.a(surface.o)
 *fill*         0x8002a4b2        0x6 
 .rodata.str1.8
                0x8002a4b8       0x7f C:/N64/bin/../lib/gcc/mips64-elf/13.1.0/../../../../mips64-elf/lib\libdragon.a(surface.o)
 *fill*         0x8002a537        0x1 
 .rodata.CSWTCH.6
                0x8002a538       0x48 C:/N64/bin/../lib/gcc/mips64-elf/13.1.0/../../../../mips64-elf/lib\libdragon.a(surface.o)
 .rodata.__func__.1
                0x8002a580        0xe C:/N64/bin/../lib/gcc/mips64-elf/13.1.0/../../../../mips64-elf/lib\libdragon.a(surface.o)
 *fill*         0x8002a58e        0x2 
 .rodata.SI_read_con_block.8
                0x8002a590       0x40 C:/N64/bin/../lib/gcc/mips64-elf/13.1.0/../../../../mips64-elf/lib\libdragon.a(controller.o)
 .rodata.SI_read_con_block.9
                0x8002a5d0       0x40 C:/N64/bin/../lib/gcc/mips64-elf/13.1.0/../../../../mips64-elf/lib\libdragon.a(controller.o)
 .rodata.rsp_load_code.str1.8
                0x8002a610       0x47 C:/N64/bin/../lib/gcc/mips64-elf/13.1.0/../../../../mips64-elf/lib\libdragon.a(rsp.o)
 *fill*         0x8002a657        0x1 
 .rodata.rsp_load_data.str1.8
                0x8002a658       0x17 C:/N64/bin/../lib/gcc/mips64-elf/13.1.0/../../../../mips64-elf/lib\libdragon.a(rsp.o)
 *fill*         0x8002a66f        0x1 
 .rodata.__rsp_crash.str1.8
                0x8002a670      0x7e7 C:/N64/bin/../lib/gcc/mips64-elf/13.1.0/../../../../mips64-elf/lib\libdragon.a(rsp.o)
                                0x7ef (size before relaxing)
 .rodata.rsp_wait.str1.8
                0x8002ae57       0x1c C:/N64/bin/../lib/gcc/mips64-elf/13.1.0/../../../../mips64-elf/lib\libdragon.a(rsp.o)
 *fill*         0x8002ae57        0x1 
 .rodata.__func__.0
                0x8002ae58        0x9 C:/N64/bin/../lib/gcc/mips64-elf/13.1.0/../../../../mips64-elf/lib\libdragon.a(rsp.o)
 *fill*         0x8002ae61        0x7 
 .rodata.__func__.1
                0x8002ae68        0xe C:/N64/bin/../lib/gcc/mips64-elf/13.1.0/../../../../mips64-elf/lib\libdragon.a(rsp.o)
 *fill*         0x8002ae76        0x2 
 .rodata.__func__.2
                0x8002ae78        0xe C:/N64/bin/../lib/gcc/mips64-elf/13.1.0/../../../../mips64-elf/lib\libdragon.a(rsp.o)
 *fill*         0x8002ae86        0x2 
 .rodata.__func__.3
                0x8002ae88        0xe C:/N64/bin/../lib/gcc/mips64-elf/13.1.0/../../../../mips64-elf/lib\libdragon.a(rsp.o)
 *fill*         0x8002ae96        0x2 
 .rodata.__func__.4
                0x8002ae98        0xe C:/N64/bin/../lib/gcc/mips64-elf/13.1.0/../../../../mips64-elf/lib\libdragon.a(rsp.o)
 *fill*         0x8002aea6        0x2 
 .rodata.str1.8
                0x8002aea8        0xa C:/N64/bin/../lib/gcc/mips64-elf/13.1.0/../../../../mips64-elf/lib\libdragon.a(rsp.o)
 *fill*         0x8002aeb2        0x6 
 .rodata.cb.2.str1.8
                0x8002aeb8       0x1a C:/N64/bin/../lib/gcc/mips64-elf/13.1.0/../../../../mips64-elf/lib\libdragon.a(inspector.o)
                                 0x22 (size before relaxing)
 *fill*         0x8002aed2        0x6 
 .rodata.cb.1.str1.8
                0x8002aed8        0xc C:/N64/bin/../lib/gcc/mips64-elf/13.1.0/../../../../mips64-elf/lib\libdragon.a(inspector.o)
 *fill*         0x8002aee4        0x4 
 .rodata.cb.0.str1.8
                0x8002aee8        0x7 C:/N64/bin/../lib/gcc/mips64-elf/13.1.0/../../../../mips64-elf/lib\libdragon.a(inspector.o)
                                 0x27 (size before relaxing)
 *fill*         0x8002aeef        0x1 
 .rodata.cb.3.str1.8
                0x8002aef0       0x2a C:/N64/bin/../lib/gcc/mips64-elf/13.1.0/../../../../mips64-elf/lib\libdragon.a(inspector.o)
 *fill*         0x8002af1a        0x2 
 .rodata.inspector_stdout
                0x8002af1c       0x54 C:/N64/bin/../lib/gcc/mips64-elf/13.1.0/../../../../mips64-elf/lib\libdragon.a(inspector.o)
 .rodata.mips_disasm.str1.8
                0x8002af70      0x1a6 C:/N64/bin/../lib/gcc/mips64-elf/13.1.0/../../../../mips64-elf/lib\libdragon.a(inspector.o)
                                0x1b6 (size before relaxing)
 *fill*         0x8002b116        0x2 
 .rodata.mips_disasm
                0x8002b118       0xb0 C:/N64/bin/../lib/gcc/mips64-elf/13.1.0/../../../../mips64-elf/lib\libdragon.a(inspector.o)
 .rodata.inspector.str1.8
                0x8002b1c8      0x21c C:/N64/bin/../lib/gcc/mips64-elf/13.1.0/../../../../mips64-elf/lib\libdragon.a(inspector.o)
                                0x22c (size before relaxing)
 .rodata.inspector
                0x8002b3e4       0x14 C:/N64/bin/../lib/gcc/mips64-elf/13.1.0/../../../../mips64-elf/lib\libdragon.a(inspector.o)
 .rodata.str1.8
                0x8002b3f8      0x5db C:/N64/bin/../lib/gcc/mips64-elf/13.1.0/../../../../mips64-elf/lib\libdragon.a(inspector.o)
                                0x5e3 (size before relaxing)
 *fill*         0x8002b9d3        0x5 
 .rodata.fpu_ops.7
                0x8002b9d8      0x100 C:/N64/bin/../lib/gcc/mips64-elf/13.1.0/../../../../mips64-elf/lib\libdragon.a(inspector.o)
 .rodata.special.8
                0x8002bad8      0x100 C:/N64/bin/../lib/gcc/mips64-elf/13.1.0/../../../../mips64-elf/lib\libdragon.a(inspector.o)
 .rodata.ops.9  0x8002bbd8      0x100 C:/N64/bin/../lib/gcc/mips64-elf/13.1.0/../../../../mips64-elf/lib\libdragon.a(inspector.o)
 .rodata.RESOLUTION_640x240
                0x8002bcd8        0xc C:/N64/bin/../lib/gcc/mips64-elf/13.1.0/../../../../mips64-elf/lib\libdragon.a(inspector.o)
 *fill*         0x8002bce4        0x4 
 .rodata.dma_write_raw_async.part.0.str1.8
                0x8002bce8       0x12 C:/N64/bin/../lib/gcc/mips64-elf/13.1.0/../../../../mips64-elf/lib\libdragon.a(dma.o)
 *fill*         0x8002bcfa        0x6 
 .rodata.dma_read_async.str1.8
                0x8002bd00       0x8d C:/N64/bin/../lib/gcc/mips64-elf/13.1.0/../../../../mips64-elf/lib\libdragon.a(dma.o)
 *fill*         0x8002bd8d        0x3 
 .rodata.__func__.0
                0x8002bd90        0xf C:/N64/bin/../lib/gcc/mips64-elf/13.1.0/../../../../mips64-elf/lib\libdragon.a(dma.o)
 *fill*         0x8002bd9f        0x1 
 .rodata.__func__.2
                0x8002bda0       0x13 C:/N64/bin/../lib/gcc/mips64-elf/13.1.0/../../../../mips64-elf/lib\libdragon.a(dma.o)
 *fill*         0x8002bdb3        0x5 
 .rodata.cb.0.str1.8
                0x8002bdb8       0x17 C:/N64/bin/../lib/gcc/mips64-elf/13.1.0/../../../../mips64-elf/lib\libdragon.a(exception.o)
 *fill*         0x8002bdcf        0x1 
 .rodata.cb.1.str1.8
                0x8002bdd0        0x9 C:/N64/bin/../lib/gcc/mips64-elf/13.1.0/../../../../mips64-elf/lib\libdragon.a(exception.o)
                                 0x19 (size before relaxing)
 *fill*         0x8002bdd9        0x7 
 .rodata.__get_exception_name.isra.0.str1.8